Component: ARM Compiler 5.06 update 7 (build 960) Tool: armlink [4d3601]

==============================================================================

Section Cross References

    main.o(i.DTU_task) refers to rs485_dtu.o(i.DTU_UploadBMUCell_InBCU) for DTU_UploadBMUCell_InBCU
    main.o(i.DTU_task) refers to tasks.o(i.vTaskDelay) for vTaskDelay
    main.o(i.DTU_task) refers to rs485_dtu.o(i.DTU_UploadBMUTemp_InBCU) for DTU_UploadBMUTemp_InBCU
    main.o(i.DTU_task) refers to rs485_dtu.o(i.DTU_UploadBMUData_InBCU) for DTU_UploadBMUData_InBCU
    main.o(i.DTU_task) refers to rs485_dtu.o(i.DTU_UploadBCUData) for DTU_UploadBCUData
    main.o(i.DTU_task) refers to bms_state.o(.bss) for cellvol
    main.o(i.DTU_task) refers to bms_state.o(.data) for BMU_List_Id
    main.o(i.bcu_balance) refers to dflt_clz.o(x$fpl$dflt) for __aeabi_i2d
    main.o(i.bcu_balance) refers to dleqf.o(x$fpl$dleqf) for __aeabi_cdcmple
    main.o(i.bcu_balance) refers to quick_sort.o(i.quick_sort) for quick_sort
    main.o(i.bcu_balance) refers to can1.o(i.CAN1_ControlCmd) for CAN1_ControlCmd
    main.o(i.bcu_balance) refers to tasks.o(i.vTaskDelay) for vTaskDelay
    main.o(i.bcu_balance) refers to voltbalance.o(.data) for VoltLimitFlag
    main.o(i.bcu_balance) refers to bms_state.o(.data) for max_cellvol
    main.o(i.bcu_balance) refers to bms_state.o(.bss) for cell
    main.o(i.bcu_balance) refers to voltbalance.o(.bss) for celltobalance_vol
    main.o(i.bcu_can1_ctrlandacq) refers to _printf_pad.o(.text) for _printf_pre_padding
    main.o(i.bcu_can1_ctrlandacq) refers to _printf_percent.o(.ARM.Collect$$_printf_percent$$00000000) for _printf_percent
    main.o(i.bcu_can1_ctrlandacq) refers to _printf_x.o(.ARM.Collect$$_printf_percent$$0000000C) for _printf_x
    main.o(i.bcu_can1_ctrlandacq) refers to _printf_hex_int.o(.text) for _printf_longlong_hex
    main.o(i.bcu_can1_ctrlandacq) refers to _printf_d.o(.ARM.Collect$$_printf_percent$$00000009) for _printf_d
    main.o(i.bcu_can1_ctrlandacq) refers to _printf_dec.o(.text) for _printf_int_dec
    main.o(i.bcu_can1_ctrlandacq) refers to __2printf.o(.text) for __2printf
    main.o(i.bcu_can1_ctrlandacq) refers to can1.o(i.CAN1_ControlCmd) for CAN1_ControlCmd
    main.o(i.bcu_can1_ctrlandacq) refers to tasks.o(i.vTaskDelay) for vTaskDelay
    main.o(i.bcu_can1_ctrlandacq) refers to bms_state.o(.data) for is_bmu_uploading
    main.o(i.bcucontrol_task) refers to tasks.o(i.vTaskDelay) for vTaskDelay
    main.o(i.bcucontrol_task) refers to bms_state.o(.data) for bmucontroltask_delay
    main.o(i.ccacq_task) refers to extern_can.o(i.BMS_Enable) for BMS_Enable
    main.o(i.ccacq_task) refers to adc_cc.o(i.get_cc_state) for get_cc_state
    main.o(i.ccacq_task) refers to rs485_screen.o(i.RS485_Screen_WriteMem) for RS485_Screen_WriteMem
    main.o(i.ccacq_task) refers to __2printf.o(.text) for __2printf
    main.o(i.ccacq_task) refers to tasks.o(i.vTaskDelay) for vTaskDelay
    main.o(i.ccacq_task) refers to extern_can.o(.data) for MODE
    main.o(i.currentacq_task) refers to _printf_percent.o(.ARM.Collect$$_printf_percent$$00000000) for _printf_percent
    main.o(i.currentacq_task) refers to _printf_f.o(.ARM.Collect$$_printf_percent$$00000003) for _printf_f
    main.o(i.currentacq_task) refers to printf1.o(x$fpl$printf1) for _printf_fp_dec
    main.o(i.currentacq_task) refers to rs485_elect_meter.o(i.RS485_ElectMeter_ReadCurrentData) for RS485_ElectMeter_ReadCurrentData
    main.o(i.currentacq_task) refers to tasks.o(i.vTaskDelay) for vTaskDelay
    main.o(i.currentacq_task) refers to adc_current.o(i.IIC_StartCurrentConvert) for IIC_StartCurrentConvert
    main.o(i.currentacq_task) refers to adc_current.o(i.IIC_ReadCurrentData) for IIC_ReadCurrentData
    main.o(i.currentacq_task) refers to rs485_screen.o(i.RS485_Screen_WriteMem) for RS485_Screen_WriteMem
    main.o(i.currentacq_task) refers to f2d.o(x$fpl$f2d) for __aeabi_f2d
    main.o(i.currentacq_task) refers to __2printf.o(.text) for __2printf
    main.o(i.currentacq_task) refers to drleqf.o(x$fpl$drleqf) for __aeabi_cdrcmple
    main.o(i.currentacq_task) refers to bms_state.o(.data) for currentf
    main.o(i.datacompare) refers to f2d.o(x$fpl$f2d) for __aeabi_f2d
    main.o(i.datacompare) refers to drleqf.o(x$fpl$drleqf) for __aeabi_cdrcmple
    main.o(i.datacompare) refers to dleqf.o(x$fpl$dleqf) for __aeabi_cdcmple
    main.o(i.datacompare) refers to bms_state.o(.bss) for cellvol
    main.o(i.datacompare) refers to bms_state.o(.data) for cellvoltotal
    main.o(i.datacompare) refers to bms.o(.data) for data3077
    main.o(i.externcan_task) refers to extern_can.o(i.GetExternCanFlag) for GetExternCanFlag
    main.o(i.externcan_task) refers to extern_can.o(i.SetExternCanFlag) for SetExternCanFlag
    main.o(i.externcan_task) refers to extern_can.o(i.Judge_Msg) for Judge_Msg
    main.o(i.externcan_task) refers to tasks.o(i.vTaskDelay) for vTaskDelay
[...]
    cell_head                                0x0800f86d   Data          13  rs485_dtu.o(.constdata)
    temp_head                                0x0800f87a   Data          13  rs485_dtu.o(.constdata)
    smoke_head                               0x0800f887   Data          14  rs485_dtu.o(.constdata)
    volt_head                                0x0800f895   Data          13  rs485_dtu.o(.constdata)
    soc_head                                 0x0800f8a2   Data          12  rs485_dtu.o(.constdata)
    curr_head                                0x0800f8ae   Data          13  rs485_dtu.o(.constdata)
    insu_head                                0x0800f8bb   Data          13  rs485_dtu.o(.constdata)
    system_head                              0x0800f8c8   Data         106  rs485_dtu.o(.constdata)
    memtblsize                               0x0803a634   Data          12  malloc.o(.constdata)
    memblksize                               0x0803a640   Data          12  malloc.o(.constdata)
    memsize                                  0x0803a64c   Data          12  malloc.o(.constdata)
    Region$$Table$$Base                      0x0803a9ec   Number         0  anon$$obj.o(Region$$Table)
    Region$$Table$$Limit                     0x0803aa0c   Number         0  anon$$obj.o(Region$$Table)
    mem3base                                 0x10000000   Data       61440  malloc.o(.ARM.__AT_0x10000000)
    mem3mapbase                              0x1000f000   Data        3840  malloc.o(.ARM.__AT_0x1000F000)
    vStartTaskHandler                        0x20000000   Data           4  main.o(.data)
    vTimeRecordTaskHandler                   0x20000004   Data           4  main.o(.data)
    vPcPrintTaskHandler                      0x20000008   Data           4  main.o(.data)
    vDTUTaskHandler                          0x2000000c   Data           4  main.o(.data)
    vCCAcqTaskHandler                        0x20000010   Data           4  main.o(.data)
    vInsulationTaskHandler                   0x20000014   Data           4  main.o(.data)
    vHVAcqTaskHandler                        0x20000018   Data           4  main.o(.data)
    vPowerAcqTaskHandler                     0x2000001c   Data           4  main.o(.data)
    vCurrentAcqTaskHandler                   0x20000020   Data           4  main.o(.data)
    vBCUControlTaskHandler                   0x20000024   Data           4  main.o(.data)
    vExternCanTaskHandler                    0x20000028   Data           4  main.o(.data)
    vBMSElectControlTaskHandler              0x2000002c   Data           4  main.o(.data)
    vElectMeterTaskHandler                   0x20000030   Data           4  main.o(.data)
    __stdout                                 0x20000048   Data           4  usart.o(.data)
    USART_RX_STA                             0x2000004c   Data           2  usart.o(.data)
    sysTickMillis                            0x20000050   Data           4  tick.o(.data)
    RS4856_RX_LEN                            0x20000064   Data           1  rs485_screen.o(.data)
    RS4856_RX_STA                            0x20000065   Data           1  rs485_screen.o(.data)
    RS4852_RX_LEN                            0x20000066   Data           1  rs485_elect_meter.o(.data)
    RS4852_RX_STA                            0x20000068   Data           2  rs485_elect_meter.o(.data)
    RS4852_RX_ADDR                           0x2000006a   Data           6  rs485_elect_meter.o(.data)
    RS4852_RX_CTRLC                          0x20000070   Data           1  rs485_elect_meter.o(.data)
    RS4852_RX_DATALEN                        0x20000071   Data           1  rs485_elect_meter.o(.data)
    RS4852_RX_CS                             0x20000072   Data           1  rs485_elect_meter.o(.data)
    RS4853_RX_STA                            0x20000073   Data           1  rs485_insulation.o(.data)
    My_BMS_Role                              0x20000074   Data           1  bms_state.o(.data)
    My_Id                                    0x20000075   Data           1  bms_state.o(.data)
    My_Did                                   0x20000078   Data           4  bms_state.o(.data)
    Is_Connected                             0x2000007c   Data           1  bms_state.o(.data)
    My_Superior_Id                           0x2000007d   Data           1  bms_state.o(.data)
    bmucontroltask_delay                     0x2000007e   Data           2  bms_state.o(.data)
    is_bmu_uploading                         0x20000080   Data           1  bms_state.o(.data)
    is_bmu_acked                             0x20000081   Data           1  bms_state.o(.data)
    BMU_List_Id                              0x20000082   Data           5  bms_state.o(.data)
    BMU_List_PackNum                         0x20000087   Data           5  bms_state.o(.data)
    BMU_List_State                           0x2000008c   Data           5  bms_state.o(.data)
    BMU_Connect_Num                          0x20000091   Data           1  bms_state.o(.data)
    bcucellnum                               0x20000092   Data           2  bms_state.o(.data)
    max_cellvol                              0x20000094   Data           2  bms_state.o(.data)
    min_cellvol                              0x20000096   Data           2  bms_state.o(.data)
    max_cellvolid                            0x20000098   Data           2  bms_state.o(.data)
    min_cellvolid                            0x2000009a   Data           2  bms_state.o(.data)
    max_diff_cellvol                         0x2000009c   Data           2  bms_state.o(.data)
    cellvoltotal                             0x200000a0   Data           4  bms_state.o(.data)
    cellvolftotal                            0x200000a4   Data           4  bms_state.o(.data)
    cellvolaverage                           0x200000a8   Data           2  bms_state.o(.data)
    bcutempnum                               0x200000aa   Data           2  bms_state.o(.data)
    max_tempf                                0x200000ac   Data           4  bms_state.o(.data)
    min_tempf                                0x200000b0   Data           4  bms_state.o(.data)
    max_tempfid                              0x200000b4   Data           2  bms_state.o(.data)
    min_tempfid                              0x200000b6   Data           2  bms_state.o(.data)
    max_diff_tempf                           0x200000b8   Data           4  bms_state.o(.data)
    tempfaverage                             0x200000bc   Data           4  bms_state.o(.data)
    bcusmokenum                              0x200000c0   Data           1  bms_state.o(.data)
    bmu_displaydata                          0x200000c1   Data           1  bms_state.o(.data)
    xk                                       0x200000c4   Data           4  bms_state.o(.data)
    Pk                                       0x200000c8   Data           4  bms_state.o(.data)
    soctotal                                 0x200000cc   Data           4  bms_state.o(.data)
    standtime                                0x200000d0   Data           4  bms_state.o(.data)
    runtime                                  0x200000d4   Data           4  bms_state.o(.data)
    dcvol_data                               0x200000d8   Data           2  bms_state.o(.data)
    res_pos_data                             0x200000da   Data           2  bms_state.o(.data)
    res_neg_data                             0x200000dc   Data           2  bms_state.o(.data)
    insuval_pos                              0x200000e0   Data           4  bms_state.o(.data)
    insuval_neg                              0x200000e4   Data           4  bms_state.o(.data)
    em_addr                                  0x200000e8   Data           6  bms_state.o(.data)
    current                                  0x200000ee   Data           4  bms_state.o(.data)
    currentf                                 0x200000f4   Data           4  bms_state.o(.data)
    is_charging                              0x200000f8   Data           1  bms_state.o(.data)
    ccstate                                  0x200000f9   Data           1  bms_state.o(.data)
    ccstatelist                              0x200000fa   Data           5  bms_state.o(.data)
    powervolu16                              0x20000100   Data           2  bms_state.o(.data)
    powervolf                                0x20000104   Data           4  bms_state.o(.data)
    RS4851_RX_LEN                            0x20000108   Data           1  rs485_dtu.o(.data)
    RS4851_RX_STA                            0x2000010a   Data           2  rs485_dtu.o(.data)
    MODE                                     0x2000010c   Data           1  extern_can.o(.data)
    externcan_flag                           0x2000010d   Data           1  extern_can.o(.data)
    data2601                                 0x20000110   Data           2  bms.o(.data)
    data2565                                 0x20000114   Data           4  bms.o(.data)
    data2566                                 0x20000118   Data           1  bms.o(.data)
    data2567                                 0x2000011a   Data           2  bms.o(.data)
    data2568                                 0x2000011c   Data           2  bms.o(.data)
    data2816                                 0x2000011e   Data           2  bms.o(.data)
    data2817                                 0x20000120   Data           2  bms.o(.data)
    data2818                                 0x20000122   Data           2  bms.o(.data)
    data2819                                 0x20000124   Data           2  bms.o(.data)
    data2821                                 0x20000126   Data           2  bms.o(.data)
    data2822                                 0x20000128   Data           2  bms.o(.data)
    data2820                                 0x2000012a   Data           1  bms.o(.data)
    data2829                                 0x2000012b   Data           1  bms.o(.data)
    data3072                                 0x2000012c   Data           2  bms.o(.data)
    data3073                                 0x2000012e   Data           2  bms.o(.data)
    data3074                                 0x20000130   Data           1  bms.o(.data)
    data3075                                 0x20000132   Data           2  bms.o(.data)
    data3076                                 0x20000134   Data           2  bms.o(.data)
    data3077                                 0x20000136   Data           2  bms.o(.data)
    data3079                                 0x20000138   Data           2  bms.o(.data)
    data3078                                 0x2000013a   Data           1  bms.o(.data)
    data3085                                 0x2000013b   Data           1  bms.o(.data)
    data3086                                 0x2000013c   Data           1  bms.o(.data)
    data3087                                 0x2000013d   Data           1  bms.o(.data)
    data3088                                 0x2000013e   Data           1  bms.o(.data)
    data3089                                 0x2000013f   Data           1  bms.o(.data)
    data3090                                 0x20000140   Data           1  bms.o(.data)
    data3091                                 0x20000141   Data           1  bms.o(.data)
    data3092                                 0x20000142   Data           1  bms.o(.data)
    data3093                                 0x20000143   Data           1  bms.o(.data)
    data3094                                 0x20000144   Data           1  bms.o(.data)
    data3095                                 0x20000145   Data           1  bms.o(.data)
    data3096                                 0x20000146   Data           1  bms.o(.data)
    data3511                                 0x20000147   Data           1  bms.o(.data)
    data3513                                 0x20000148   Data           1  bms.o(.data)
    data3512                                 0x2000014a   Data           2  bms.o(.data)
    data3601                                 0x2000014c   Data           1  bms.o(.data)
    data3604                                 0x2000014d   Data           1  bms.o(.data)
    data3605                                 0x2000014e   Data           1  bms.o(.data)
    data3602                                 0x20000150   Data           2  bms.o(.data)
    data3603                                 0x20000152   Data           2  bms.o(.data)
    data3901                                 0x20000154   Data           1  bms.o(.data)
    data3902                                 0x20000155   Data           1  bms.o(.data)
    data3903                                 0x20000156   Data           1  bms.o(.data)
    data3904                                 0x20000157   Data           1  bms.o(.data)
    data3905                                 0x20000158   Data           1  bms.o(.data)
    data3906                                 0x20000159   Data           1  bms.o(.data)
    data3907                                 0x2000015a   Data           1  bms.o(.data)
    standard_data3072                        0x2000015c   Data           2  bms.o(.data)
    standard_data3073                        0x2000015e   Data           2  bms.o(.data)
    BMS_Total_Voltage_Flag                   0x20000160   Data           1  bms.o(.data)
    BMS_Total_Current_Flag                   0x20000161   Data           1  bms.o(.data)
    BHM_Tick                                 0x20000164   Data           4  bms.o(.data)
    BRM_Tick                                 0x20000168   Data           4  bms.o(.data)
    BCP_Tick                                 0x2000016c   Data           4  bms.o(.data)
    BRO_Tick                                 0x20000170   Data           4  bms.o(.data)
    BCL_Tick                                 0x20000174   Data           4  bms.o(.data)
    BCS_Tick                                 0x20000178   Data           4  bms.o(.data)
    Check_CCS_Tick                           0x2000017c   Data           4  bms.o(.data)
    BSM_Tick                                 0x20000180   Data           4  bms.o(.data)
    BST_Tick                                 0x20000184   Data           4  bms.o(.data)
    BSD_Tick                                 0x20000188   Data           4  bms.o(.data)
    BHM_Flag                                 0x2000018c   Data           1  bms.o(.data)
    BRM_Flag                                 0x2000018d   Data           1  bms.o(.data)
    BCP_Flag                                 0x2000018e   Data           1  bms.o(.data)
    BRO_Flag                                 0x2000018f   Data           1  bms.o(.data)
    BCL_Flag                                 0x20000190   Data           1  bms.o(.data)
    BCS_Flag                                 0x20000191   Data           1  bms.o(.data)
    Check_CCS_Flag                           0x20000192   Data           1  bms.o(.data)
    BSM_Flag                                 0x20000193   Data           1  bms.o(.data)
    BST_Flag                                 0x20000194   Data           1  bms.o(.data)
    BSD_Flag                                 0x20000195   Data           1  bms.o(.data)
    SendBHMTaskHandler                       0x20000198   Data           4  bms.o(.data)
    SendBRMTaskHandler                       0x2000019c   Data           4  bms.o(.data)
    SendBCPTaskHandler                       0x200001a0   Data           4  bms.o(.data)
    SendBROTaskHandler                       0x200001a4   Data           4  bms.o(.data)
    SendBCLTaskHandler                       0x200001a8   Data           4  bms.o(.data)
    SendBCSTaskHandler                       0x200001ac   Data           4  bms.o(.data)
    CheckCCSTaskHandler                      0x200001b0   Data           4  bms.o(.data)
    SendBSMTaskHandler                       0x200001b4   Data           4  bms.o(.data)
    SendBSTTaskHandler                       0x200001b8   Data           4  bms.o(.data)
    SendBSDTaskHandler                       0x200001bc   Data           4  bms.o(.data)
    SendBEMTaskHandler                       0x200001c0   Data           4  bms.o(.data)
    data2600                                 0x200001c8   Data           4  charger.o(.data)
    data2560                                 0x200001cc   Data           1  charger.o(.data)
    data2561                                 0x200001d0   Data           4  charger.o(.data)
    data2823                                 0x200001d8   Data           8  charger.o(.data)
    data2824                                 0x200001e0   Data           2  charger.o(.data)
    data2825                                 0x200001e2   Data           2  charger.o(.data)
    data2826                                 0x200001e4   Data           2  charger.o(.data)
    data2827                                 0x200001e6   Data           2  charger.o(.data)
    data2830                                 0x200001e8   Data           1  charger.o(.data)
    data3081                                 0x200001ea   Data           2  charger.o(.data)
    data3082                                 0x200001ec   Data           2  charger.o(.data)
    data3083                                 0x200001ee   Data           2  charger.o(.data)
    data3929                                 0x200001f0   Data           1  charger.o(.data)
    data3521                                 0x200001f1   Data           1  charger.o(.data)
    data3523                                 0x200001f2   Data           1  charger.o(.data)
    data3522                                 0x200001f4   Data           2  charger.o(.data)
    data3611                                 0x200001f6   Data           2  charger.o(.data)
    data3612                                 0x200001f8   Data           2  charger.o(.data)
    data3613                                 0x200001fc   Data           4  charger.o(.data)
    data3921                                 0x20000200   Data           1  charger.o(.data)
    data3922                                 0x20000201   Data           1  charger.o(.data)
    data3923                                 0x20000202   Data           1  charger.o(.data)
    data3924                                 0x20000203   Data           1  charger.o(.data)
    data3925                                 0x20000204   Data           1  charger.o(.data)
    data3926                                 0x20000205   Data           1  charger.o(.data)
    data3927                                 0x20000206   Data           1  charger.o(.data)
    SendCHMTaskHandler                       0x20000208   Data           4  charger.o(.data)
    SendCRMTaskHandler                       0x2000020c   Data           4  charger.o(.data)
    SendCTSTaskHandler                       0x20000210   Data           4  charger.o(.data)
    SendCMLTaskHandler                       0x20000214   Data           4  charger.o(.data)
    SendCROTaskHandler                       0x20000218   Data           4  charger.o(.data)
    SendCCSTaskHandler                       0x2000021c   Data           4  charger.o(.data)
    SendCSTTaskHandler                       0x20000220   Data           4  charger.o(.data)
    SendCSDTaskHandler                       0x20000224   Data           4  charger.o(.data)
    SendCEMTaskHandler                       0x20000228   Data           4  charger.o(.data)
    CHM_Tick                                 0x2000022c   Data           4  charger.o(.data)
    CRM_Tick                                 0x20000230   Data           4  charger.o(.data)
    CTS_Tick                                 0x20000234   Data           4  charger.o(.data)
    CML_Tick                                 0x20000238   Data           4  charger.o(.data)
    CRO_Tick                                 0x2000023c   Data           4  charger.o(.data)
    CCS_Tick                                 0x20000240   Data           4  charger.o(.data)
    CST_Tick                                 0x20000244   Data           4  charger.o(.data)
    CSD_Tick                                 0x20000248   Data           4  charger.o(.data)
    CHM_Flag                                 0x2000024c   Data           1  charger.o(.data)
    CRM_Flag                                 0x2000024d   Data           1  charger.o(.data)
    CTS_Flag                                 0x2000024e   Data           1  charger.o(.data)
    CML_Flag                                 0x2000024f   Data           1  charger.o(.data)
    CRO_Flag                                 0x20000250   Data           1  charger.o(.data)
    CCS_Flag                                 0x20000251   Data           1  charger.o(.data)
    CST_Flag                                 0x20000252   Data           1  charger.o(.data)
    CSD_Flag                                 0x20000253   Data           1  charger.o(.data)
    TransferError                            0x2000025e   Data           1  sdio_sdcard.o(.data)
    TransferEnd                              0x2000025f   Data           1  sdio_sdcard.o(.data)
    tempbuff                                 0x20000260   Data           4  sdio_sdcard.o(.data)
    pxCurrentTCB                             0x20000264   Data           4  tasks.o(.data)
    uxTopUsedPriority                        0x2000029c   Data           4  tasks.o(.data)
    FLASH_SECTOR_COUNT                       0x200002e4   Data           2  diskio.o(.data)
    file                                     0x200002e8   Data           4  exfuns.o(.data)
    ftemp                                    0x200002ec   Data           4  exfuns.o(.data)
    br                                       0x200002f0   Data           4  exfuns.o(.data)
    bw                                       0x200002f4   Data           4  exfuns.o(.data)
    fatbuf                                   0x200002f8   Data           4  exfuns.o(.data)
    sys_cmd_tab                              0x200002fc   Data          28  usmart.o(.data)
    usmart_nametab                           0x20000318   Data         208  usmart_config.o(.data)
    usmart_dev                               0x200003e8   Data         244  usmart_config.o(.data)
    mallco_dev                               0x200004dc   Data          36  malloc.o(.data)
    USART_RX_BUF                             0x20000500   Data         200  usart.o(.bss)
    RS4852_RX_BUF                            0x200005c8   Data         100  rs485_elect_meter.o(.bss)
    RS4852_RX_DATA                           0x2000062c   Data          20  rs485_elect_meter.o(.bss)
    RS4853_RX_BUF                            0x20000640   Data          20  rs485_insulation.o(.bss)
    CAN1RxMessage                            0x20000654   Data          20  bms_state.o(.bss)
    BMU_List_Did                             0x20000668   Data          20  bms_state.o(.bss)
    cell                                     0x2000067c   Data         960  bms_state.o(.bss)
    cellvol                                  0x20000a3c   Data         480  bms_state.o(.bss)
    soc                                      0x20000c1c   Data         960  bms_state.o(.bss)
    temp                                     0x20000fdc   Data         120  bms_state.o(.bss)
    tempf                                    0x20001054   Data         240  bms_state.o(.bss)
    smoke                                    0x20001144   Data          20  bms_state.o(.bss)
    smokef                                   0x20001158   Data          40  bms_state.o(.bss)
    bmucurrentf                              0x20001180   Data          20  bms_state.o(.bss)
    voltotal                                 0x20001194   Data          12  bms_state.o(.bss)
    RS4851_RX_BUF                            0x200011a0   Data         256  rs485_dtu.o(.bss)
    externcan_msg                            0x200012a0   Data          20  extern_can.o(.bss)
    SDIO_InitStructure                       0x200012b8   Data          24  sdio_sdcard.o(.bss)
    SDIO_CmdInitStructure                    0x200012d0   Data          20  sdio_sdcard.o(.bss)
    SDIO_DataInitStructure                   0x200012e4   Data          24  sdio_sdcard.o(.bss)
    SDCardInfo                               0x20001320   Data          88  sdio_sdcard.o(.bss)
    SDIO_DATA_BUFFER                         0x20001378   Data         512  sdio_sdcard.o(.bss)
    xQueueRegistry                           0x20001578   Data          64  queue.o(.bss)
    fs                                       0x2001f8a8   Data          12  exfuns.o(.bss)
    fileinfo                                 0x2001f8b4   Data          32  exfuns.o(.bss)
    dir                                      0x2001f8d4   Data          36  exfuns.o(.bss)
    mem1base                                 0x2001f900   Data       102400  malloc.o(.bss)
    mem1mapbase                              0x20038900   Data        6400  malloc.o(.bss)
    __libspace_start                         0x2003a200   Data          96  libspace.o(.bss)
    __temporary_stack_top$libspace           0x2003a260   Data           0  libspace.o(.bss)
    mem2base                                 0x68000000   Data       983040  malloc.o(.ARM.__AT_0x68000000)
    mem2mapbase                              0x680f0000   Data       61440  malloc.o(.ARM.__AT_0x680F0000)



==============================================================================

Memory Map of the image

  Image Entry point : 0x08000189

  Load Region LR_IROM1 (Base: 0x08000000, Size: 0x0003af28, Max: 0x00100000, ABSOLUTE, COMPRESSED[0x0003ab40])

    Execution Region ER_IROM1 (Exec base: 0x08000000, Load base: 0x08000000, Size: 0x0003aa28, Max: 0x00100000, ABSOLUTE)

    Exec Addr    Load Addr    Size         Type   Attr      Idx    E Section Name        Object

    0x08000000   0x08000000   0x00000188   Data   RO          476    RESET               startup_stm32f40_41xxx.o
    0x08000188   0x08000188   0x00000008   Code   RO         9607  * !!!main             c_w.l(__main.o)
    0x08000190   0x08000190   0x00000034   Code   RO         9919    !!!scatter          c_w.l(__scatter.o)
    0x080001c4   0x080001c4   0x0000005a   Code   RO         9917    !!dczerorl2         c_w.l(__dczerorl2.o)
    0x0800021e   0x0800021e   0x00000002   PAD
    0x08000220   0x08000220   0x0000001c   Code   RO         9921    !!handler_zi        c_w.l(__scatter_zi.o)
    0x0800023c   0x0800023c   0x00000000   Code   RO         9582    .ARM.Collect$$_printf_percent$$00000000  c_w.l(_printf_percent.o)
    0x0800023c   0x0800023c   0x00000006   Code   RO         9581    .ARM.Collect$$_printf_percent$$00000003  c_w.l(_printf_f.o)
    0x08000242   0x08000242   0x00000006   Code   RO         9579    .ARM.Collect$$_printf_percent$$00000009  c_w.l(_printf_d.o)
    0x08000248   0x08000248   0x00000006   Code   RO         9580    .ARM.Collect$$_printf_percent$$0000000A  c_w.l(_printf_u.o)
    0x0800024e   0x0800024e   0x00000006   Code   RO         9578    .ARM.Collect$$_printf_percent$$0000000C  c_w.l(_printf_x.o)
    0x08000254   0x08000254   0x00000006   Code   RO         9576    .ARM.Collect$$_printf_percent$$00000013  c_w.l(_printf_c.o)
    0x0800025a   0x0800025a   0x00000006   Code   RO         9577    .ARM.Collect$$_printf_percent$$00000014  c_w.l(_printf_s.o)
    0x08000260   0x08000260   0x00000004   Code   RO         9670    .ARM.Collect$$_printf_percent$$00000017  c_w.l(_printf_percent_end.o)
    0x08000264   0x08000264   0x00000002   Code   RO         9788    .ARM.Collect$$libinit$$00000000  c_w.l(libinit.o)
    0x08000266   0x08000266   0x00000004   Code   RO         9789    .ARM.Collect$$libinit$$00000001  c_w.l(libinit2.o)
    0x0800026a   0x0800026a   0x00000000   Code   RO         9792    .ARM.Collect$$libinit$$00000004  c_w.l(libinit2.o)
    0x0800026a   0x0800026a   0x00000000   Code   RO         9795    .ARM.Collect$$libinit$$0000000A  c_w.l(libinit2.o)
    0x0800026a   0x0800026a   0x00000000   Code   RO         9797    .ARM.Collect$$libinit$$0000000C  c_w.l(libinit2.o)
    0x0800026a   0x0800026a   0x00000000   Code   RO         9799    .ARM.Collect$$libinit$$0000000E  c_w.l(libinit2.o)
    0x0800026a   0x0800026a   0x00000006   Code   RO         9800    .ARM.Collect$$libinit$$0000000F  c_w.l(libinit2.o)
    0x08000270   0x08000270   0x00000000   Code   RO         9802    .ARM.Collect$$libinit$$00000011  c_w.l(libinit2.o)
    0x08000270   0x08000270   0x00000000   Code   RO         9804    .ARM.Collect$$libinit$$00000013  c_w.l(libinit2.o)
    0x08000270   0x08000270   0x00000000   Code   RO         9806    .ARM.Collect$$libinit$$00000015  c_w.l(libinit2.o)
    0x08000270   0x08000270   0x0000000a   Code   RO         9807    .ARM.Collect$$libinit$$00000016  c_w.l(libinit2.o)
    0x0800027a   0x0800027a   0x00000000   Code   RO         9808    .ARM.Collect$$libinit$$00000017  c_w.l(libinit2.o)
    0x0800027a   0x0800027a   0x00000000   Code   RO         9810    .ARM.Collect$$libinit$$00000019  c_w.l(libinit2.o)
    0x0800027a   0x0800027a   0x00000000   Code   RO         9812    .ARM.Collect$$libinit$$0000001B  c_w.l(libinit2.o)
    0x0800027a   0x0800027a   0x00000000   Code   RO         9814    .ARM.Collect$$libinit$$0000001D  c_w.l(libinit2.o)
    0x0800027a   0x0800027a   0x00000000   Code   RO         9816    .ARM.Collect$$libinit$$0000001F  c_w.l(libinit2.o)
    0x0800027a   0x0800027a   0x00000000   Code   RO         9818    .ARM.Collect$$libinit$$00000021  c_w.l(libinit2.o)
    0x0800027a   0x0800027a   0x00000000   Code   RO         9820    .ARM.Collect$$libinit$$00000023  c_w.l(libinit2.o)
    0x0800027a   0x0800027a   0x00000000   Code   RO         9822    .ARM.Collect$$libinit$$00000025  c_w.l(libinit2.o)
    0x0800027a   0x0800027a   0x00000000   Code   RO         9826    .ARM.Collect$$libinit$$0000002C  c_w.l(libinit2.o)
    0x0800027a   0x0800027a   0x00000000   Code   RO         9828    .ARM.Collect$$libinit$$0000002E  c_w.l(libinit2.o)
    0x0800027a   0x0800027a   0x00000000   Code   RO         9830    .ARM.Collect$$libinit$$00000030  c_w.l(libinit2.o)
    0x0800027a   0x0800027a   0x00000000   Code   RO         9832    .ARM.Collect$$libinit$$00000032  c_w.l(libinit2.o)
    0x0800027a   0x0800027a   0x00000002   Code   RO         9833    .ARM.Collect$$libinit$$00000033  c_w.l(libinit2.o)
    0x0800027c   0x0800027c   0x00000002   Code   RO         9875    .ARM.Collect$$libshutdown$$00000000  c_w.l(libshutdown.o)
    0x0800027e   0x0800027e   0x00000000   Code   RO         9884    .ARM.Collect$$libshutdown$$00000002  c_w.l(libshutdown2.o)
    0x0800027e   0x0800027e   0x00000000   Code   RO         9886    .ARM.Collect$$libshutdown$$00000004  c_w.l(libshutdown2.o)
    0x0800027e   0x0800027e   0x00000000   Code   RO         9888    .ARM.Collect$$libshutdown$$00000006  c_w.l(libshutdown2.o)
    0x0800027e   0x0800027e   0x00000000   Code   RO         9891    .ARM.Collect$$libshutdown$$00000009  c_w.l(libshutdown2.o)
    0x0800027e   0x0800027e   0x00000000   Code   RO         9894    .ARM.Collect$$libshutdown$$0000000C  c_w.l(libshutdown2.o)
    0x0800027e   0x0800027e   0x00000000   Code   RO         9896    .ARM.Collect$$libshutdown$$0000000E  c_w.l(libshutdown2.o)
    0x0800027e   0x0800027e   0x00000000   Code   RO         9899    .ARM.Collect$$libshutdown$$00000011  c_w.l(libshutdown2.o)
    0x0800027e   0x0800027e   0x00000002   Code   RO         9900    .ARM.Collect$$libshutdown$$00000012  c_w.l(libshutdown2.o)
    0x08000280   0x08000280   0x00000000   Code   RO         9653    .ARM.Collect$$rtentry$$00000000  c_w.l(__rtentry.o)
    0x08000280   0x08000280   0x00000000   Code   RO         9704    .ARM.Collect$$rtentry$$00000002  c_w.l(__rtentry2.o)
    0x08000280   0x08000280   0x00000006   Code   RO         9716    .ARM.Collect$$rtentry$$00000004  c_w.l(__rtentry4.o)
    0x08000286   0x08000286   0x00000000   Code   RO         9706    .ARM.Collect$$rtentry$$00000009  c_w.l(__rtentry2.o)
    0x08000286   0x08000286   0x00000004   Code   RO         9707    .ARM.Collect$$rtentry$$0000000A  c_w.l(__rtentry2.o)
    0x0800028a   0x0800028a   0x00000000   Code   RO         9709    .ARM.Collect$$rtentry$$0000000C  c_w.l(__rtentry2.o)
    0x0800028a   0x0800028a   0x00000008   Code   RO         9710    .ARM.Collect$$rtentry$$0000000D  c_w.l(__rtentry2.o)
    0x08000292   0x08000292   0x00000002   Code   RO         9834    .ARM.Collect$$rtexit$$00000000  c_w.l(rtexit.o)
    0x08000294   0x08000294   0x00000000   Code   RO         9845    .ARM.Collect$$rtexit$$00000002  c_w.l(rtexit2.o)
    0x08000294   0x08000294   0x00000004   Code   RO         9846    .ARM.Collect$$rtexit$$00000003  c_w.l(rtexit2.o)
    0x08000298   0x08000298   0x00000006   Code   RO         9847    .ARM.Collect$$rtexit$$00000004  c_w.l(rtexit2.o)
    0x0800029e   0x0800029e   0x00000002   PAD
    0x080002a0   0x080002a0   0x00000010   Code   RO         5279    .emb_text           sys.o
    0x080002b0   0x080002b0   0x000000be   Code   RO         8489    .emb_text           port.o
    0x0800036e   0x0800036e   0x00000002   PAD
    0x08000370   0x08000370   0x00000040   Code   RO          477    .text               startup_stm32f40_41xxx.o
    0x080003b0   0x080003b0   0x00000002   Code   RO         9515    .text               c_w.l(use_no_semi_2.o)
    0x080003b2   0x080003b2   0x00000048   Code   RO         9517    .text               c_w.l(llsdiv.o)
    0x080003fa   0x080003fa   0x00000002   PAD
    0x080003fc   0x080003fc   0x00000018   Code   RO         9519    .text               c_w.l(__2printf.o)
    0x08000414   0x08000414   0x0000002c   Code   RO         9521    .text               c_w.l(__2sprintf.o)
    0x08000440   0x08000440   0x0000004e   Code   RO         9529    .text               c_w.l(_printf_pad.o)
    0x0800048e   0x0800048e   0x00000052   Code   RO         9531    .text               c_w.l(_printf_str.o)
    0x080004e0   0x080004e0   0x00000078   Code   RO         9533    .text               c_w.l(_printf_dec.o)
    0x08000558   0x08000558   0x00000058   Code   RO         9538    .text               c_w.l(_printf_hex_int.o)
    0x080005b0   0x080005b0   0x00000188   Code   RO         9573    .text               c_w.l(__printf_flags_ss_wp.o)
    0x08000738   0x08000738   0x0000003e   Code   RO         9587    .text               c_w.l(strlen.o)
    0x08000776   0x08000776   0x00000018   Code   RO         9589    .text               c_w.l(strcat.o)
    0x0800078e   0x0800078e   0x0000008a   Code   RO         9591    .text               c_w.l(rt_memcpy_v6.o)
    0x08000818   0x08000818   0x00000064   Code   RO         9593    .text               c_w.l(rt_memcpy_w.o)
    0x0800087c   0x0800087c   0x00000010   Code   RO         9597    .text               c_w.l(aeabi_memset.o)
    0x0800088c   0x0800088c   0x00000044   Code   RO         9599    .text               c_w.l(rt_memclr.o)
    0x080008d0   0x080008d0   0x0000004e   Code   RO         9601    .text               c_w.l(rt_memclr_w.o)
    0x0800091e   0x0800091e   0x00000002   PAD
    0x08000920   0x08000920   0x00000080   Code   RO         9603    .text               c_w.l(strcmpv7m.o)
    0x080009a0   0x080009a0   0x00000006   Code   RO         9605    .text               c_w.l(heapauxi.o)
    0x080009a6   0x080009a6   0x00000002   Code   RO         9651    .text               c_w.l(use_no_semi.o)
    0x080009a8   0x080009a8   0x000000ee   Code   RO         9654    .text               c_w.l(lludivv7m.o)
    0x08000a96   0x08000a96   0x000000b2   Code   RO         9658    .text               c_w.l(_printf_intcommon.o)
    0x08000b48   0x08000b48   0x0000041e   Code   RO         9660    .text               c_w.l(_printf_fp_dec.o)
    0x08000f66   0x08000f66   0x00000002   PAD
    0x08000f68   0x08000f68   0x00000030   Code   RO         9662    .text               c_w.l(_printf_char_common.o)
    0x08000f98   0x08000f98   0x0000000a   Code   RO         9664    .text               c_w.l(_sputc.o)
    0x08000fa2   0x08000fa2   0x0000002c   Code   RO         9666    .text               c_w.l(_printf_char.o)
    0x08000fce   0x08000fce   0x00000002   PAD
    0x08000fd0   0x08000fd0   0x00000024   Code   RO         9668    .text               c_w.l(_printf_char_file.o)
    0x08000ff4   0x08000ff4   0x00000008   Code   RO         9725    .text               c_w.l(rt_locale_intlibspace.o)
    0x08000ffc   0x08000ffc   0x0000008a   Code   RO         9732    .text               c_w.l(lludiv10.o)
    0x08001086   0x08001086   0x00000002   PAD
    0x08001088   0x08001088   0x00000080   Code   RO         9734    .text               c_w.l(_printf_fp_infnan.o)
    0x08001108   0x08001108   0x000000e4   Code   RO         9738    .text               c_w.l(bigflt0.o)
    0x080011ec   0x080011ec   0x00000008   Code   RO         9763    .text               c_w.l(ferror.o)
    0x080011f4   0x080011f4   0x00000008   Code   RO         9774    .text               c_w.l(libspace.o)
    0x080011fc   0x080011fc   0x0000004a   Code   RO         9777    .text               c_w.l(sys_stackheap_outer.o)
    0x08001246   0x08001246   0x00000012   Code   RO         9781    .text               c_w.l(exit.o)
    0x08001258   0x08001258   0x0000003e   Code   RO         9741    CL$$btod_d2e        c_w.l(btod.o)
    0x08001296   0x08001296   0x00000046   Code   RO         9743    CL$$btod_d2e_denorm_low  c_w.l(btod.o)
    0x080012dc   0x080012dc   0x00000060   Code   RO         9742    CL$$btod_d2e_norm_op1  c_w.l(btod.o)
    0x0800133c   0x0800133c   0x00000338   Code   RO         9751    CL$$btod_div_common  c_w.l(btod.o)
    0x08001674   0x08001674   0x000000dc   Code   RO         9748    CL$$btod_e2e        c_w.l(btod.o)
    0x08001750   0x08001750   0x0000002a   Code   RO         9745    CL$$btod_ediv       c_w.l(btod.o)
    0x0800177a   0x0800177a   0x0000002a   Code   RO         9744    CL$$btod_emul       c_w.l(btod.o)
    0x080017a4   0x080017a4   0x00000244   Code   RO         9750    CL$$btod_mult_common  c_w.l(btod.o)
    0x080019e8   0x080019e8   0x00000016   Code   RO          559    i.ADC_Cmd           stm32f4xx_adc.o
    0x080019fe   0x080019fe   0x00000002   PAD
    0x08001a00   0x08001a00   0x00000030   Code   RO          560    i.ADC_CommonInit    stm32f4xx_adc.o
    0x08001a30   0x08001a30   0x00000054   Code   RO          579    i.ADC_Init          stm32f4xx_adc.o
    0x08001a84   0x08001a84   0x00000088   Code   RO         6485    i.ADC_Inside_Init   adc_power.o
    0x08001b0c   0x08001b0c   0x00000004   Code   RO          386    i.BusFault_Handler  stm32f4xx_it.o
    0x08001b10   0x08001b10   0x000000f4   Code   RO         5665    i.CAN1_Mode_Init    can1.o
    0x08001c04   0x08001c04   0x00000070   Code   RO         5666    i.CAN1_RX0_IRQHandler  can1.o
    0x08001c74   0x08001c74   0x00000034   Code   RO         6050    i.CAN2_RX1_IRQHandler  extern_can.o
    0x08001ca8   0x08001ca8   0x000000a8   Code   RO          797    i.CAN_ClearITPendingBit  stm32f4xx_can.o
    0x08001d50   0x08001d50   0x00000108   Code   RO          801    i.CAN_FilterInit    stm32f4xx_can.o
    0x08001e58   0x08001e58   0x00000120   Code   RO          803    i.CAN_GetITStatus   stm32f4xx_can.o
    0x08001f78   0x08001f78   0x00000012   Code   RO          807    i.CAN_ITConfig      stm32f4xx_can.o
    0x08001f8a   0x08001f8a   0x00000114   Code   RO          808    i.CAN_Init          stm32f4xx_can.o
    0x0800209e   0x0800209e   0x000000f0   Code   RO          811    i.CAN_Receive       stm32f4xx_can.o
    0x0800218e   0x0800218e   0x00000126   Code   RO          816    i.CAN_Transmit      stm32f4xx_can.o
    0x080022b4   0x080022b4   0x000000a0   Code   RO          817    i.CAN_TransmitStatus  stm32f4xx_can.o
    0x08002354   0x08002354   0x00000012   Code   RO          819    i.CheckITStatus     stm32f4xx_can.o
    0x08002366   0x08002366   0x00000030   Code   RO         7090    i.CmdError          sdio_sdcard.o
    0x08002396   0x08002396   0x00000002   PAD
    0x08002398   0x08002398   0x00000064   Code   RO         7091    i.CmdResp1Error     sdio_sdcard.o
    0x080023fc   0x080023fc   0x00000054   Code   RO         7092    i.CmdResp2Error     sdio_sdcard.o
    0x08002450   0x08002450   0x00000038   Code   RO         7093    i.CmdResp3Error     sdio_sdcard.o
    0x08002488   0x08002488   0x00000094   Code   RO         7094    i.CmdResp6Error     sdio_sdcard.o
    0x0800251c   0x0800251c   0x0000004c   Code   RO         7095    i.CmdResp7Error     sdio_sdcard.o
    0x08002568   0x08002568   0x00000016   Code   RO         1498    i.DMA_Cmd           stm32f4xx_dma.o
    0x0800257e   0x0800257e   0x00000002   PAD
    0x08002580   0x08002580   0x00000158   Code   RO         1499    i.DMA_DeInit        stm32f4xx_dma.o
    0x080026d8   0x080026d8   0x00000016   Code   RO         1502    i.DMA_FlowControllerConfig  stm32f4xx_dma.o
    0x080026ee   0x080026ee   0x00000014   Code   RO         1503    i.DMA_GetCmdStatus  stm32f4xx_dma.o
    0x08002702   0x08002702   0x00000002   PAD
    0x08002704   0x08002704   0x00000058   Code   RO         1510    i.DMA_Init          stm32f4xx_dma.o
    0x0800275c   0x0800275c   0x000002d0   Code   RO         5738    i.DTU_UploadBCUData  rs485_dtu.o
    0x08002a2c   0x08002a2c   0x00000164   Code   RO         5739    i.DTU_UploadBMUCell_InBCU  rs485_dtu.o
    0x08002b90   0x08002b90   0x00000168   Code   RO         5740    i.DTU_UploadBMUData_InBCU  rs485_dtu.o
    0x08002cf8   0x08002cf8   0x00000154   Code   RO         5741    i.DTU_UploadBMUTemp_InBCU  rs485_dtu.o
    0x08002e4c   0x08002e4c   0x0000009c   Code   RO            3    i.DTU_task          main.o
    0x08002ee8   0x08002ee8   0x00000002   Code   RO          387    i.DebugMon_Handler  stm32f4xx_it.o
    0x08002eea   0x08002eea   0x00000002   PAD
    0x08002eec   0x08002eec   0x000000f8   Code   RO         6052    i.Extern_CAN_Init   extern_can.o
    0x08002fe4   0x08002fe4   0x00000078   Code   RO         6054    i.Extern_CAN_SendMsg  extern_can.o
    0x0800305c   0x0800305c   0x00000194   Code   RO         7096    i.FindSCR           sdio_sdcard.o
    0x080031f0   0x080031f0   0x00000090   Code   RO         2232    i.GPIO_Init         stm32f4xx_gpio.o
    0x08003280   0x08003280   0x00000046   Code   RO         2233    i.GPIO_PinAFConfig  stm32f4xx_gpio.o
    0x080032c6   0x080032c6   0x00000004   Code   RO         2239    i.GPIO_ResetBits    stm32f4xx_gpio.o
    0x080032ca   0x080032ca   0x00000004   Code   RO         2240    i.GPIO_SetBits      stm32f4xx_gpio.o
    0x080032ce   0x080032ce   0x00000008   Code   RO         2242    i.GPIO_ToggleBits   stm32f4xx_gpio.o
    0x080032d6   0x080032d6   0x00000002   PAD
    0x080032d8   0x080032d8   0x0000000c   Code   RO         6055    i.GetExternCanFlag  extern_can.o
    0x080032e4   0x080032e4   0x00000040   Code   RO         6124    i.Get_Identifier    bms.o
    0x08003324   0x08003324   0x00000026   Code   RO         6300    i.Get_Identifier    charger.o
    0x0800334a   0x0800334a   0x00000004   Code   RO          388    i.HardFault_Handler  stm32f4xx_it.o
    0x0800334e   0x0800334e   0x00000002   PAD
    0x08003350   0x08003350   0x00000084   Code   RO         6550    i.IIC_Init          iic_fun.o
    0x080033d4   0x080033d4   0x00000074   Code   RO         5609    i.IOControl         input_output_ctrl.o
    0x08003448   0x08003448   0x00000110   Code   RO         5610    i.IOControl_Init    input_output_ctrl.o
    0x08003558   0x08003558   0x000000a0   Code   RO         7097    i.IsCardProgramming  sdio_sdcard.o
    0x080035f8   0x080035f8   0x00001224   Code   RO         6056    i.Judge_Msg         extern_can.o
    0x0800481c   0x0800481c   0x00000004   Code   RO          389    i.MemManage_Handler  stm32f4xx_it.o
    0x08004820   0x08004820   0x00000002   Code   RO          390    i.NMI_Handler       stm32f4xx_it.o
    0x08004822   0x08004822   0x00000002   PAD
    0x08004824   0x08004824   0x00000078   Code   RO          483    i.NVIC_Init         misc.o
    0x0800489c   0x0800489c   0x00000014   Code   RO          484    i.NVIC_PriorityGroupConfig  misc.o
    0x080048b0   0x080048b0   0x00000020   Code   RO         3096    i.RCC_AHB1PeriphClockCmd  stm32f4xx_rcc.o
    0x080048d0   0x080048d0   0x00000020   Code   RO         3105    i.RCC_APB1PeriphClockCmd  stm32f4xx_rcc.o
    0x080048f0   0x080048f0   0x00000020   Code   RO         3108    i.RCC_APB2PeriphClockCmd  stm32f4xx_rcc.o
    0x08004910   0x08004910   0x00000020   Code   RO         3110    i.RCC_APB2PeriphResetCmd  stm32f4xx_rcc.o
    0x08004930   0x08004930   0x000000e8   Code   RO         3117    i.RCC_GetClocksFreq  stm32f4xx_rcc.o
    0x08004a18   0x08004a18   0x000000f4   Code   RO         5742    i.RS485_DTU_Init    rs485_dtu.o
    0x08004b0c   0x08004b0c   0x00000054   Code   RO         5743    i.RS485_DTU_SendData  rs485_dtu.o
    0x08004b60   0x08004b60   0x000000f0   Code   RO         5494    i.RS485_ElectMeter_Init  rs485_elect_meter.o
    0x08004c50   0x08004c50   0x000000dc   Code   RO         5552    i.RS485_Insulation_Init  rs485_insulation.o
    0x08004d2c   0x08004d2c   0x000000f0   Code   RO         5435    i.RS485_Screen_Init  rs485_screen.o
    0x08004e1c   0x08004e1c   0x00000070   Code   RO         7098    i.SDCard_Init       sdio_sdcard.o
    0x08004e8c   0x08004e8c   0x000000ac   Code   RO         7102    i.SDEnWideBus       sdio_sdcard.o
    0x08004f38   0x08004f38   0x0000000c   Code   RO         4014    i.SDIO_ClearFlag    stm32f4xx_sdio.o
    0x08004f44   0x08004f44   0x00000014   Code   RO         7103    i.SDIO_Clock_Set    sdio_sdcard.o
    0x08004f58   0x08004f58   0x00000034   Code   RO         4020    i.SDIO_DataConfig   stm32f4xx_sdio.o
    0x08004f8c   0x08004f8c   0x00000018   Code   RO         4026    i.SDIO_GetFlagStatus  stm32f4xx_sdio.o
    0x08004fa4   0x08004fa4   0x00000010   Code   RO         4028    i.SDIO_GetPowerState  stm32f4xx_sdio.o
    0x08004fb4   0x08004fb4   0x00000008   Code   RO         7104    i.SDIO_IRQHandler   sdio_sdcard.o
    0x08004fbc   0x08004fbc   0x00000030   Code   RO         4031    i.SDIO_Init         stm32f4xx_sdio.o
    0x08004fec   0x08004fec   0x00000038   Code   RO         7105    i.SDIO_Register_Deinit  sdio_sdcard.o
    0x08005024   0x08005024   0x0000002c   Code   RO         4034    i.SDIO_SendCommand  stm32f4xx_sdio.o
    0x08005050   0x08005050   0x0000000c   Code   RO         4036    i.SDIO_SetPowerState  stm32f4xx_sdio.o
    0x0800505c   0x0800505c   0x00000080   Code   RO         7106    i.SD_DMA_Config     sdio_sdcard.o
    0x080050dc   0x080050dc   0x00000068   Code   RO         7107    i.SD_EnableWideBusOperation  sdio_sdcard.o
    0x08005144   0x08005144   0x00000310   Code   RO         7108    i.SD_GetCardInfo    sdio_sdcard.o
    0x08005454   0x08005454   0x00000118   Code   RO         7110    i.SD_Init           sdio_sdcard.o
    0x0800556c   0x0800556c   0x00000164   Code   RO         7111    i.SD_InitializeCards  sdio_sdcard.o
    0x080056d0   0x080056d0   0x000001e4   Code   RO         7113    i.SD_PowerON        sdio_sdcard.o
    0x080058b4   0x080058b4   0x00000154   Code   RO         7114    i.SD_ProcessIRQSrc  sdio_sdcard.o
    0x08005a08   0x08005a08   0x00000268   Code   RO         7115    i.SD_ReadBlock      sdio_sdcard.o
    0x08005c70   0x08005c70   0x000000a0   Code   RO         7116    i.SD_ReadDisk       sdio_sdcard.o
    0x08005d10   0x08005d10   0x000002f4   Code   RO         7117    i.SD_ReadMultiBlocks  sdio_sdcard.o
    0x08006004   0x08006004   0x00000030   Code   RO         7118    i.SD_SelectDeselect  sdio_sdcard.o
    0x08006034   0x08006034   0x00000018   Code   RO         7120    i.SD_SetDeviceMode  sdio_sdcard.o
    0x0800604c   0x0800604c   0x00000388   Code   RO         7121    i.SD_WriteBlock     sdio_sdcard.o
    0x080063d4   0x080063d4   0x000000a0   Code   RO         7122    i.SD_WriteDisk      sdio_sdcard.o
    0x08006474   0x08006474   0x000003d0   Code   RO         7123    i.SD_WriteMultiBlocks  sdio_sdcard.o
    0x08006844   0x08006844   0x0000000c   Code   RO         6057    i.SetExternCanFlag  extern_can.o
    0x08006850   0x08006850   0x000000ec   Code   RO          439    i.SetSysClock       system_stm32f4xx.o
    0x0800693c   0x0800693c   0x00000028   Code   RO          487    i.SysTick_CLKSourceConfig  misc.o
    0x08006964   0x08006964   0x00000044   Code   RO         8490    i.SysTick_Handler   port.o
    0x080069a8   0x080069a8   0x00000068   Code   RO          441    i.SystemInit        system_stm32f4xx.o
    0x08006a10   0x08006a10   0x00000038   Code   RO         9218    i.TIM4_IRQHandler   usmart.o
    0x08006a48   0x08006a48   0x00000006   Code   RO         4437    i.TIM_ClearFlag     stm32f4xx_tim.o
    0x08006a4e   0x08006a4e   0x00000006   Code   RO         4438    i.TIM_ClearITPendingBit  stm32f4xx_tim.o
    0x08006a54   0x08006a54   0x00000018   Code   RO         4443    i.TIM_Cmd           stm32f4xx_tim.o
    0x08006a6c   0x08006a6c   0x00000006   Code   RO         4462    i.TIM_GetCounter    stm32f4xx_tim.o
    0x08006a72   0x08006a72   0x00000012   Code   RO         4463    i.TIM_GetFlagStatus  stm32f4xx_tim.o
    0x08006a84   0x08006a84   0x00000022   Code   RO         4464    i.TIM_GetITStatus   stm32f4xx_tim.o
    0x08006aa6   0x08006aa6   0x00000012   Code   RO         4468    i.TIM_ITConfig      stm32f4xx_tim.o
    0x08006ab8   0x08006ab8   0x00000004   Code   RO         4503    i.TIM_SetAutoreload  stm32f4xx_tim.o
    0x08006abc   0x08006abc   0x00000004   Code   RO         4509    i.TIM_SetCounter    stm32f4xx_tim.o
    0x08006ac0   0x08006ac0   0x00000084   Code   RO         4515    i.TIM_TimeBaseInit  stm32f4xx_tim.o
    0x08006b44   0x08006b44   0x0000005c   Code   RO         9219    i.Timer4_Init       usmart.o
    0x08006ba0   0x08006ba0   0x000000b0   Code   RO         5748    i.USART1_IRQHandler  rs485_dtu.o
    0x08006c50   0x08006c50   0x00000220   Code   RO         5499    i.USART2_IRQHandler  rs485_elect_meter.o
    0x08006e70   0x08006e70   0x0000011c   Code   RO         5555    i.USART3_IRQHandler  rs485_insulation.o
    0x08006f8c   0x08006f8c   0x00000012   Code   RO         4989    i.USART_ClearFlag   stm32f4xx_usart.o
    0x08006f9e   0x08006f9e   0x00000018   Code   RO         4993    i.USART_Cmd         stm32f4xx_usart.o
    0x08006fb6   0x08006fb6   0x0000001a   Code   RO         4996    i.USART_GetFlagStatus  stm32f4xx_usart.o
    0x08006fd0   0x08006fd0   0x00000054   Code   RO         4997    i.USART_GetITStatus  stm32f4xx_usart.o
    0x08007024   0x08007024   0x0000004a   Code   RO         4999    i.USART_ITConfig    stm32f4xx_usart.o
    0x0800706e   0x0800706e   0x00000002   PAD
    0x08007070   0x08007070   0x000000d4   Code   RO         5000    i.USART_Init        stm32f4xx_usart.o
    0x08007144   0x08007144   0x0000000a   Code   RO         5007    i.USART_ReceiveData  stm32f4xx_usart.o
    0x0800714e   0x0800714e   0x00000008   Code   RO         5010    i.USART_SendData    stm32f4xx_usart.o
    0x08007156   0x08007156   0x00000004   Code   RO          391    i.UsageFault_Handler  stm32f4xx_it.o
    0x0800715a   0x0800715a   0x00000030   Code   RO         9772    i.__ARM_fpclassify  m_wm.l(fpclassify.o)
    0x0800718a   0x0800718a   0x0000000e   Code   RO         9566    i._is_digit         c_w.l(__printf_wp.o)
    0x08007198   0x08007198   0x00000004   Code   RO         5297    i._sys_exit         usart.o
    0x0800719c   0x0800719c   0x000000e4   Code   RO         6126    i.check_CCS_task    bms.o
    0x08007280   0x08007280   0x00000090   Code   RO         8639    i.check_fs          ff.o
    0x08007310   0x08007310   0x00000014   Code   RO         8640    i.chk_chr           ff.o
    0x08007324   0x08007324   0x00000032   Code   RO         8641    i.clmt_clust        ff.o
    0x08007356   0x08007356   0x0000001a   Code   RO         8642    i.clust2sect        ff.o
    0x08007370   0x08007370   0x00000090   Code   RO         8643    i.cmp_lfn           ff.o
    0x08007400   0x08007400   0x00000012   Code   RO         7124    i.convert_from_bytes_to_power_of_two  sdio_sdcard.o
    0x08007412   0x08007412   0x000000d6   Code   RO         8644    i.create_chain      ff.o
    0x080074e8   0x080074e8   0x00000270   Code   RO         8645    i.create_name       ff.o
    0x08007758   0x08007758   0x0000003c   Code   RO         5239    i.delay_init        delay.o
    0x08007794   0x08007794   0x00000038   Code   RO         5240    i.delay_ms          delay.o
    0x080077cc   0x080077cc   0x0000004c   Code   RO         5241    i.delay_us          delay.o
    0x08007818   0x08007818   0x0000004c   Code   RO         5242    i.delay_xms         delay.o
    0x08007864   0x08007864   0x0000005c   Code   RO         8646    i.dir_alloc         ff.o
    0x080078c0   0x080078c0   0x000000ea   Code   RO         8647    i.dir_find          ff.o
    0x080079aa   0x080079aa   0x00000110   Code   RO         8648    i.dir_next          ff.o
    0x08007aba   0x08007aba   0x000000c4   Code   RO         8649    i.dir_read          ff.o
    0x08007b7e   0x08007b7e   0x0000012a   Code   RO         8650    i.dir_register      ff.o
    0x08007ca8   0x08007ca8   0x0000006a   Code   RO         8651    i.dir_remove        ff.o
    0x08007d12   0x08007d12   0x0000009e   Code   RO         8652    i.dir_sdi           ff.o
    0x08007db0   0x08007db0   0x00000034   Code   RO         8569    i.disk_initialize   diskio.o
    0x08007de4   0x08007de4   0x000000b4   Code   RO         8570    i.disk_ioctl        diskio.o
    0x08007e98   0x08007e98   0x0000006e   Code   RO         8571    i.disk_read         diskio.o
    0x08007f06   0x08007f06   0x00000006   Code   RO         8572    i.disk_status       diskio.o
    0x08007f0c   0x08007f0c   0x0000006e   Code   RO         8573    i.disk_write        diskio.o
    0x08007f7a   0x08007f7a   0x0000004a   Code   RO         9013    i.exf_getfree       exfuns.o
    0x08007fc4   0x08007fc4   0x00000084   Code   RO         9014    i.exfuns_init       exfuns.o
    0x08008048   0x08008048   0x0000001a   Code   RO           10    i.externcan_task    main.o
    0x08008062   0x08008062   0x00000024   Code   RO         8654    i.f_close           ff.o
    0x08008086   0x08008086   0x00000016   Code   RO         8655    i.f_closedir        ff.o
    0x0800809c   0x0800809c   0x00000102   Code   RO         8656    i.f_getfree         ff.o
    0x0800819e   0x0800819e   0x000000be   Code   RO         8657    i.f_getlabel        ff.o
    0x0800825c   0x0800825c   0x00000052   Code   RO         8658    i.f_gets            ff.o
    0x080082ae   0x080082ae   0x0000028e   Code   RO         8659    i.f_lseek           ff.o
    0x0800853c   0x0800853c   0x0000017c   Code   RO         8660    i.f_mkdir           ff.o
    0x080086b8   0x080086b8   0x00000640   Code   RO         8661    i.f_mkfs            ff.o
    0x08008cf8   0x08008cf8   0x0000005c   Code   RO         8662    i.f_mount           ff.o
    0x08008d54   0x08008d54   0x00000180   Code   RO         8663    i.f_open            ff.o
    0x08008ed4   0x08008ed4   0x00000088   Code   RO         8664    i.f_opendir         ff.o
    0x08008f5c   0x08008f5c   0x00000040   Code   RO         8666    i.f_putc            ff.o
    0x08008f9c   0x08008f9c   0x0000004a   Code   RO         8667    i.f_puts            ff.o
    0x08008fe6   0x08008fe6   0x000001b0   Code   RO         8668    i.f_read            ff.o
    0x08009196   0x08009196   0x00000072   Code   RO         8669    i.f_readdir         ff.o
    0x08009208   0x08009208   0x0000013a   Code   RO         8670    i.f_rename          ff.o
    0x08009342   0x08009342   0x00000002   PAD
    0x08009344   0x08009344   0x000001e8   Code   RO         8671    i.f_setlabel        ff.o
    0x0800952c   0x0800952c   0x000000b0   Code   RO         8673    i.f_sync            ff.o
    0x080095dc   0x080095dc   0x000000c2   Code   RO         8675    i.f_unlink          ff.o
    0x0800969e   0x0800969e   0x000001ea   Code   RO         8677    i.f_write           ff.o
    0x08009888   0x08009888   0x0000007c   Code   RO         8981    i.ff_convert        cc936.o
    0x08009904   0x08009904   0x0000000e   Code   RO         8574    i.ff_memalloc       diskio.o
    0x08009912   0x08009912   0x0000000e   Code   RO         8575    i.ff_memfree        diskio.o
    0x08009920   0x08009920   0x00000038   Code   RO         8982    i.ff_wtoupper       cc936.o
    0x08009958   0x08009958   0x00000388   Code   RO         8678    i.find_volume       ff.o
    0x08009ce0   0x08009ce0   0x00000080   Code   RO         8679    i.fit_lfn           ff.o
    0x08009d60   0x08009d60   0x00000090   Code   RO         8680    i.follow_path       ff.o
    0x08009df0   0x08009df0   0x0000001c   Code   RO         5298    i.fputc             usart.o
    0x08009e0c   0x08009e0c   0x000000c8   Code   RO         8681    i.gen_numname       ff.o
    0x08009ed4   0x08009ed4   0x000000e8   Code   RO         8682    i.get_fat           ff.o
    0x08009fbc   0x08009fbc   0x00000004   Code   RO         8576    i.get_fattime       diskio.o
    0x08009fc0   0x08009fc0   0x0000010c   Code   RO         8683    i.get_fileinfo      ff.o
    0x0800a0cc   0x0800a0cc   0x0000004a   Code   RO         8684    i.get_ldnumber      ff.o
    0x0800a116   0x0800a116   0x00000020   Code   RO         8685    i.ld_clust          ff.o
    0x0800a136   0x0800a136   0x00000002   PAD
    0x0800a138   0x0800a138   0x00000128   Code   RO           15    i.main              main.o
    0x0800a260   0x0800a260   0x00000026   Code   RO         8686    i.mem_cmp           ff.o
    0x0800a286   0x0800a286   0x0000001a   Code   RO         8687    i.mem_cpy           ff.o
    0x0800a2a0   0x0800a2a0   0x00000014   Code   RO         8688    i.mem_set           ff.o
    0x0800a2b4   0x0800a2b4   0x00000014   Code   RO         9062    i.mf_close          fattester.o
    0x0800a2c8   0x0800a2c8   0x00000010   Code   RO         9063    i.mf_closedir       fattester.o
    0x0800a2d8   0x0800a2d8   0x00000014   Code   RO         9064    i.mf_fmkfs          fattester.o
    0x0800a2ec   0x0800a2ec   0x00000084   Code   RO         9065    i.mf_getlabel       fattester.o
    0x0800a370   0x0800a370   0x0000004c   Code   RO         9066    i.mf_gets           fattester.o
    0x0800a3bc   0x0800a3bc   0x00000014   Code   RO         9067    i.mf_lseek          fattester.o
    0x0800a3d0   0x0800a3d0   0x0000000c   Code   RO         9068    i.mf_mkdir          fattester.o
    0x0800a3dc   0x0800a3dc   0x00000018   Code   RO         9069    i.mf_mount          fattester.o
    0x0800a3f4   0x0800a3f4   0x0000001c   Code   RO         9070    i.mf_open           fattester.o
    0x0800a410   0x0800a410   0x00000014   Code   RO         9071    i.mf_opendir        fattester.o
    0x0800a424   0x0800a424   0x00000018   Code   RO         9072    i.mf_putc           fattester.o
    0x0800a43c   0x0800a43c   0x00000018   Code   RO         9073    i.mf_puts           fattester.o
    0x0800a454   0x0800a454   0x00000158   Code   RO         9074    i.mf_read           fattester.o
    0x0800a5ac   0x0800a5ac   0x00000194   Code   RO         9075    i.mf_readdir        fattester.o
    0x0800a740   0x0800a740   0x00000010   Code   RO         9076    i.mf_rename         fattester.o
    0x0800a750   0x0800a750   0x00000090   Code   RO         9077    i.mf_scan_files     fattester.o
    0x0800a7e0   0x0800a7e0   0x0000005c   Code   RO         9078    i.mf_setlabel       fattester.o
    0x0800a83c   0x0800a83c   0x000000a8   Code   RO         9079    i.mf_showfree       fattester.o
    0x0800a8e4   0x0800a8e4   0x0000000c   Code   RO         9080    i.mf_size           fattester.o
    0x0800a8f0   0x0800a8f0   0x0000000c   Code   RO         9081    i.mf_tell           fattester.o
    0x0800a8fc   0x0800a8fc   0x0000000c   Code   RO         9082    i.mf_unlink         fattester.o
    0x0800a908   0x0800a908   0x000000b8   Code   RO         9083    i.mf_write          fattester.o
    0x0800a9c0   0x0800a9c0   0x0000000c   Code   RO         5357    i.millis            tick.o
    0x0800a9cc   0x0800a9cc   0x00000032   Code   RO         8689    i.move_window       ff.o
    0x0800a9fe   0x0800a9fe   0x00000002   PAD
    0x0800aa00   0x0800aa00   0x0000006c   Code   RO         9403    i.my_mem_free       malloc.o
    0x0800aa6c   0x0800aa6c   0x00000044   Code   RO         9404    i.my_mem_init       malloc.o
    0x0800aab0   0x0800aab0   0x000000a8   Code   RO         9405    i.my_mem_malloc     malloc.o
    0x0800ab58   0x0800ab58   0x00000040   Code   RO         9406    i.my_mem_perused    malloc.o
    0x0800ab98   0x0800ab98   0x00000024   Code   RO         9407    i.myfree            malloc.o
    0x0800abbc   0x0800abbc   0x00000028   Code   RO         9408    i.mymalloc          malloc.o
    0x0800abe4   0x0800abe4   0x00000014   Code   RO         9410    i.mymemset          malloc.o
    0x0800abf8   0x0800abf8   0x0000002c   Code   RO           16    i.pcprint_task      main.o
    0x0800ac24   0x0800ac24   0x00000074   Code   RO         8690    i.pick_lfn          ff.o
    0x0800ac98   0x0800ac98   0x00000098   Code   RO         7910    i.prvAddCurrentTaskToDelayedList  tasks.o
    0x0800ad30   0x0800ad30   0x000000b8   Code   RO         7911    i.prvAddNewTaskToReadyList  tasks.o
    0x0800ade8   0x0800ade8   0x00000064   Code   RO         8274    i.prvCheckForValidListAndQueue  timers.o
    0x0800ae4c   0x0800ae4c   0x00000048   Code   RO         7912    i.prvCheckTasksWaitingTermination  tasks.o
    0x0800ae94   0x0800ae94   0x0000002a   Code   RO         7539    i.prvCopyDataFromQueue  queue.o
    0x0800aebe   0x0800aebe   0x0000007e   Code   RO         7540    i.prvCopyDataToQueue  queue.o
    0x0800af3c   0x0800af3c   0x00000012   Code   RO         7913    i.prvDeleteTCB      tasks.o
    0x0800af4e   0x0800af4e   0x00000002   PAD
    0x0800af50   0x0800af50   0x00000028   Code   RO         8275    i.prvGetNextExpireTime  timers.o
    0x0800af78   0x0800af78   0x0000007c   Code   RO         8434    i.prvHeapInit       heap_4.o
    0x0800aff4   0x0800aff4   0x00000028   Code   RO         7914    i.prvIdleTask       tasks.o
    0x0800b01c   0x0800b01c   0x0000002a   Code   RO         7543    i.prvInitialiseNewQueue  queue.o
    0x0800b046   0x0800b046   0x000000be   Code   RO         7915    i.prvInitialiseNewTask  tasks.o
    0x0800b104   0x0800b104   0x00000068   Code   RO         7916    i.prvInitialiseTaskLists  tasks.o
    0x0800b16c   0x0800b16c   0x00000068   Code   RO         8435    i.prvInsertBlockIntoFreeList  heap_4.o
    0x0800b1d4   0x0800b1d4   0x00000058   Code   RO         8277    i.prvInsertTimerInActiveList  timers.o
    0x0800b22c   0x0800b22c   0x0000001a   Code   RO         7544    i.prvIsQueueEmpty   queue.o
    0x0800b246   0x0800b246   0x0000001e   Code   RO         7545    i.prvIsQueueFull    queue.o
    0x0800b264   0x0800b264   0x00000074   Code   RO         8278    i.prvProcessExpiredTimer  timers.o
    0x0800b2d8   0x0800b2d8   0x00000138   Code   RO         8279    i.prvProcessReceivedCommands  timers.o
    0x0800b410   0x0800b410   0x00000074   Code   RO         8280    i.prvProcessTimerOrBlockTask  timers.o
    0x0800b484   0x0800b484   0x00000030   Code   RO         7918    i.prvResetNextTaskUnblockTime  tasks.o
    0x0800b4b4   0x0800b4b4   0x0000002c   Code   RO         8281    i.prvSampleTimeNow  timers.o
    0x0800b4e0   0x0800b4e0   0x000000a4   Code   RO         8282    i.prvSwitchTimerLists  timers.o
    0x0800b584   0x0800b584   0x00000040   Code   RO         8491    i.prvTaskExitError  port.o
    0x0800b5c4   0x0800b5c4   0x0000001a   Code   RO         8283    i.prvTimerTask      timers.o
    0x0800b5de   0x0800b5de   0x0000007e   Code   RO         7546    i.prvUnlockQueue    queue.o
    0x0800b65c   0x0800b65c   0x00000136   Code   RO         8691    i.put_fat           ff.o
    0x0800b792   0x0800b792   0x00000044   Code   RO         8692    i.putc_bfd          ff.o
    0x0800b7d6   0x0800b7d6   0x00000002   PAD
    0x0800b7d8   0x0800b7d8   0x0000016c   Code   RO         8436    i.pvPortMalloc      heap_4.o
    0x0800b944   0x0800b944   0x0000002c   Code   RO         8492    i.pxPortInitialiseStack  port.o
    0x0800b970   0x0800b970   0x00000006   Code   RO         9220    i.read_addr         usmart.o
    0x0800b976   0x0800b976   0x0000006c   Code   RO         8693    i.remove_chain      ff.o
    0x0800b9e2   0x0800b9e2   0x00000002   PAD
    0x0800b9e4   0x0800b9e4   0x00000084   Code   RO         6127    i.send_BCL_task     bms.o
    0x0800ba68   0x0800ba68   0x00000110   Code   RO         6128    i.send_BCP_data     bms.o
    0x0800bb78   0x0800bb78   0x000000e4   Code   RO         6129    i.send_BCP_task     bms.o
    0x0800bc5c   0x0800bc5c   0x000000e4   Code   RO         6130    i.send_BCS_data     bms.o
    0x0800bd40   0x0800bd40   0x00000084   Code   RO         6131    i.send_BCS_task     bms.o
    0x0800bdc4   0x0800bdc4   0x000000b8   Code   RO         6132    i.send_BEM_task     bms.o
    0x0800be7c   0x0800be7c   0x000000c4   Code   RO         6133    i.send_BHM_task     bms.o
    0x0800bf40   0x0800bf40   0x000000fc   Code   RO         6135    i.send_BRM_task     bms.o
    0x0800c03c   0x0800c03c   0x000000c8   Code   RO         6136    i.send_BRO_task     bms.o
    0x0800c104   0x0800c104   0x000000b4   Code   RO         6137    i.send_BSD_task     bms.o
    0x0800c1b8   0x0800c1b8   0x000000d8   Code   RO         6138    i.send_BSM_task     bms.o
    0x0800c290   0x0800c290   0x000000a0   Code   RO         6139    i.send_BST_task     bms.o
    0x0800c330   0x0800c330   0x000000f8   Code   RO         6301    i.send_CCS_task     charger.o
    0x0800c428   0x0800c428   0x000000b4   Code   RO         6302    i.send_CEM_task     charger.o
    0x0800c4dc   0x0800c4dc   0x00000100   Code   RO         6304    i.send_CML_task     charger.o
    0x0800c5dc   0x0800c5dc   0x00000104   Code   RO         6305    i.send_CRM_task     charger.o
    0x0800c6e0   0x0800c6e0   0x0000007c   Code   RO         6306    i.send_CRO_task     charger.o
    0x0800c75c   0x0800c75c   0x000000b8   Code   RO         6307    i.send_CSD_task     charger.o
    0x0800c814   0x0800c814   0x000000d8   Code   RO         6308    i.send_CST_task     charger.o
    0x0800c8ec   0x0800c8ec   0x00000040   Code   RO         6143    i.set_BEM_data      bms.o
    0x0800c92c   0x0800c92c   0x0000001c   Code   RO         6149    i.set_BST_data      bms.o
    0x0800c948   0x0800c948   0x00000024   Code   RO         6309    i.set_CCS_data      charger.o
    0x0800c96c   0x0800c96c   0x00000040   Code   RO         6310    i.set_CEM_data      charger.o
    0x0800c9ac   0x0800c9ac   0x00000014   Code   RO         6313    i.set_CRM_data      charger.o
    0x0800c9c0   0x0800c9c0   0x0000000c   Code   RO         6314    i.set_CRO_data      charger.o
    0x0800c9cc   0x0800c9cc   0x0000001c   Code   RO         6315    i.set_CSD_data      charger.o
    0x0800c9e8   0x0800c9e8   0x0000001c   Code   RO         6316    i.set_CST_data      charger.o
    0x0800ca04   0x0800ca04   0x00000010   Code   RO         8694    i.st_clust          ff.o
    0x0800ca14   0x0800ca14   0x000000c8   Code   RO           19    i.start_task        main.o
    0x0800cadc   0x0800cadc   0x00000020   Code   RO         8695    i.sum_sfn           ff.o
    0x0800cafc   0x0800cafc   0x000000c8   Code   RO         8696    i.sync_fs           ff.o
    0x0800cbc4   0x0800cbc4   0x0000004c   Code   RO         8697    i.sync_window       ff.o
    0x0800cc10   0x0800cc10   0x0000000c   Code   RO         5358    i.systick_check_underflow  tick.o
    0x0800cc1c   0x0800cc1c   0x00000038   Code   RO           20    i.timerecord_task   main.o
    0x0800cc54   0x0800cc54   0x0000008c   Code   RO         5299    i.uart7_init        usart.o
    0x0800cce0   0x0800cce0   0x000000b0   Code   RO         9221    i.usmart_cmd_rec    usmart.o
    0x0800cd90   0x0800cd90   0x000002d4   Code   RO         9222    i.usmart_exe        usmart.o
    0x0800d064   0x0800d064   0x000000c8   Code   RO         9323    i.usmart_get_aparm  usmart_str.o
    0x0800d12c   0x0800d12c   0x00000036   Code   RO         9324    i.usmart_get_cmdname  usmart_str.o
    0x0800d162   0x0800d162   0x00000002   PAD
    0x0800d164   0x0800d164   0x000001c0   Code   RO         9325    i.usmart_get_fname  usmart_str.o
    0x0800d324   0x0800d324   0x0000010c   Code   RO         9326    i.usmart_get_fparam  usmart_str.o
    0x0800d430   0x0800d430   0x00000020   Code   RO         9327    i.usmart_get_parmpos  usmart_str.o
    0x0800d450   0x0800d450   0x00000044   Code   RO         9223    i.usmart_get_runtime  usmart.o
    0x0800d494   0x0800d494   0x00000028   Code   RO         9224    i.usmart_init       usmart.o
    0x0800d4bc   0x0800d4bc   0x00000016   Code   RO         9328    i.usmart_pow        usmart_str.o
    0x0800d4d2   0x0800d4d2   0x00000002   PAD
    0x0800d4d4   0x0800d4d4   0x00000030   Code   RO         9225    i.usmart_reset_runtime  usmart.o
    0x0800d504   0x0800d504   0x000000bc   Code   RO         9226    i.usmart_scan       usmart.o
    0x0800d5c0   0x0800d5c0   0x00000016   Code   RO         9329    i.usmart_search_nextc  usmart_str.o
    0x0800d5d6   0x0800d5d6   0x000000ca   Code   RO         9330    i.usmart_str2num    usmart_str.o
    0x0800d6a0   0x0800d6a0   0x00000022   Code   RO         9331    i.usmart_strcmp     usmart_str.o
    0x0800d6c2   0x0800d6c2   0x00000016   Code   RO         9332    i.usmart_strcopy    usmart_str.o
    0x0800d6d8   0x0800d6d8   0x00000018   Code   RO         9333    i.usmart_strlen     usmart_str.o
    0x0800d6f0   0x0800d6f0   0x000006e4   Code   RO         9227    i.usmart_sys_cmd_exe  usmart.o
    0x0800ddd4   0x0800ddd4   0x00000028   Code   RO         7499    i.uxListRemove      list.o
    0x0800ddfc   0x0800ddfc   0x0000001a   Code   RO         7500    i.vListInitialise   list.o
    0x0800de16   0x0800de16   0x00000006   Code   RO         7501    i.vListInitialiseItem  list.o
    0x0800de1c   0x0800de1c   0x00000034   Code   RO         7502    i.vListInsert       list.o
    0x0800de50   0x0800de50   0x00000018   Code   RO         7503    i.vListInsertEnd    list.o
    0x0800de68   0x0800de68   0x00000054   Code   RO         8494    i.vPortEnterCritical  port.o
    0x0800debc   0x0800debc   0x0000003c   Code   RO         8495    i.vPortExitCritical  port.o
    0x0800def8   0x0800def8   0x000000a4   Code   RO         8437    i.vPortFree         heap_4.o
    0x0800df9c   0x0800df9c   0x00000018   Code   RO         8496    i.vPortSetupTimerInterrupt  port.o
    0x0800dfb4   0x0800dfb4   0x00000078   Code   RO         8497    i.vPortValidateInterruptPriority  port.o
    0x0800e02c   0x0800e02c   0x0000002c   Code   RO         7552    i.vQueueAddToRegistry  queue.o
    0x0800e058   0x0800e058   0x0000004a   Code   RO         7556    i.vQueueWaitForMessageRestricted  queue.o
    0x0800e0a2   0x0800e0a2   0x00000002   PAD
    0x0800e0a4   0x0800e0a4   0x0000005c   Code   RO         7930    i.vTaskDelay        tasks.o
    0x0800e100   0x0800e100   0x000000f4   Code   RO         7931    i.vTaskDelete       tasks.o
    0x0800e1f4   0x0800e1f4   0x00000018   Code   RO         7935    i.vTaskInternalSetTimeOutState  tasks.o
    0x0800e20c   0x0800e20c   0x0000000c   Code   RO         7936    i.vTaskMissedYield  tasks.o
    0x0800e218   0x0800e218   0x00000038   Code   RO         7937    i.vTaskPlaceOnEventList  tasks.o
    0x0800e250   0x0800e250   0x00000040   Code   RO         7938    i.vTaskPlaceOnEventListRestricted  tasks.o
    0x0800e290   0x0800e290   0x0000009c   Code   RO         7946    i.vTaskStartScheduler  tasks.o
    0x0800e32c   0x0800e32c   0x00000010   Code   RO         7948    i.vTaskSuspendAll   tasks.o
    0x0800e33c   0x0800e33c   0x0000008c   Code   RO         7949    i.vTaskSwitchContext  tasks.o
    0x0800e3c8   0x0800e3c8   0x00000036   Code   RO         8698    i.validate          ff.o
    0x0800e3fe   0x0800e3fe   0x00000004   Code   RO         9228    i.write_addr        usmart.o
    0x0800e402   0x0800e402   0x00000002   PAD
    0x0800e404   0x0800e404   0x00000168   Code   RO         8498    i.xPortStartScheduler  port.o
    0x0800e56c   0x0800e56c   0x000000a2   Code   RO         7559    i.xQueueGenericCreate  queue.o
    0x0800e60e   0x0800e60e   0x00000002   PAD
    0x0800e610   0x0800e610   0x00000098   Code   RO         7560    i.xQueueGenericReset  queue.o
    0x0800e6a8   0x0800e6a8   0x000001a8   Code   RO         7561    i.xQueueGenericSend  queue.o
    0x0800e850   0x0800e850   0x00000120   Code   RO         7562    i.xQueueGenericSendFromISR  queue.o
    0x0800e970   0x0800e970   0x00000168   Code   RO         7569    i.xQueueReceive     queue.o
    0x0800ead8   0x0800ead8   0x00000090   Code   RO         7951    i.xTaskCheckForTimeOut  tasks.o
    0x0800eb68   0x0800eb68   0x00000060   Code   RO         7952    i.xTaskCreate       tasks.o
    0x0800ebc8   0x0800ebc8   0x00000020   Code   RO         7959    i.xTaskGetSchedulerState  tasks.o
    0x0800ebe8   0x0800ebe8   0x0000000c   Code   RO         7960    i.xTaskGetTickCount  tasks.o
    0x0800ebf4   0x0800ebf4   0x00000148   Code   RO         7962    i.xTaskIncrementTick  tasks.o
    0x0800ed3c   0x0800ed3c   0x000000bc   Code   RO         7963    i.xTaskPriorityDisinherit  tasks.o
    0x0800edf8   0x0800edf8   0x00000098   Code   RO         7965    i.xTaskRemoveFromEventList  tasks.o
    0x0800ee90   0x0800ee90   0x00000104   Code   RO         7966    i.xTaskResumeAll    tasks.o
    0x0800ef94   0x0800ef94   0x00000058   Code   RO         8291    i.xTimerCreateTimerTask  timers.o
    0x0800efec   0x0800efec   0x00000084   Code   RO         8292    i.xTimerGenericCommand  timers.o
    0x0800f070   0x0800f070   0x0000002c   Code   RO         9768    locale$$code        c_w.l(lc_numeric_c.o)
    0x0800f09c   0x0800f09c   0x00000062   Code   RO         9609    x$fpl$d2f           fz_wm.l(d2f.o)
    0x0800f0fe   0x0800f0fe   0x00000002   PAD
    0x0800f100   0x0800f100   0x00000150   Code   RO         9611    x$fpl$dadd          fz_wm.l(daddsub_clz.o)
    0x0800f250   0x0800f250   0x0000002e   Code   RO         9622    x$fpl$dflt          fz_wm.l(dflt_clz.o)
    0x0800f27e   0x0800f27e   0x00000002   PAD
    0x0800f280   0x0800f280   0x00000154   Code   RO         9629    x$fpl$dmul          fz_wm.l(dmul.o)
    0x0800f3d4   0x0800f3d4   0x0000009c   Code   RO         9677    x$fpl$dnaninf       fz_wm.l(dnaninf.o)
    0x0800f470   0x0800f470   0x0000000c   Code   RO         9679    x$fpl$dretinf       fz_wm.l(dretinf.o)
    0x0800f47c   0x0800f47c   0x000001d4   Code   RO         9613    x$fpl$dsub          fz_wm.l(daddsub_clz.o)
    0x0800f650   0x0800f650   0x00000056   Code   RO         9633    x$fpl$f2d           fz_wm.l(f2d.o)
    0x0800f6a6   0x0800f6a6   0x0000008c   Code   RO         9681    x$fpl$fnaninf       fz_wm.l(fnaninf.o)
    0x0800f732   0x0800f732   0x0000000a   Code   RO         9842    x$fpl$fpinit        fz_wm.l(fpinit.o)
    0x0800f73c   0x0800f73c   0x0000000a   Code   RO         9683    x$fpl$fretinf       fz_wm.l(fretinf.o)
    0x0800f746   0x0800f746   0x00000004   Code   RO         9635    x$fpl$printf1       fz_wm.l(printf1.o)
    0x0800f74a   0x0800f74a   0x00000000   Code   RO         9685    x$fpl$usenofp       fz_wm.l(usenofp.o)
    0x0800f74a   0x0800f74a   0x000001e8   Data   RO         5750    .constdata          rs485_dtu.o
    0x0800f932   0x0800f932   0x0000003a   Data   RO         8700    .constdata          ff.o
    0x0800f96c   0x0800f96c   0x0002acc8   Data   RO         8983    .constdata          cc936.o
    0x0803a634   0x0803a634   0x00000024   Data   RO         9417    .constdata          malloc.o
    0x0803a658   0x0803a658   0x00000028   Data   RO         9539    .constdata          c_w.l(_printf_hex_int.o)
    0x0803a680   0x0803a680   0x00000011   Data   RO         9574    .constdata          c_w.l(__printf_flags_ss_wp.o)
    0x0803a691   0x0803a691   0x00000003   PAD
    0x0803a694   0x0803a694   0x00000094   Data   RO         9739    .constdata          c_w.l(bigflt0.o)
    0x0803a728   0x0803a728   0x00000028   Data   RO         9229    .conststring        usmart.o
    0x0803a750   0x0803a750   0x00000299   Data   RO         9302    .conststring        usmart_config.o
    0x0803a9e9   0x0803a9e9   0x00000003   PAD
    0x0803a9ec   0x0803a9ec   0x00000020   Data   RO         9915    Region$$Table       anon$$obj.o
    0x0803aa0c   0x0803aa0c   0x0000001c   Data   RO         9767    locale$$data        c_w.l(lc_numeric_c.o)


    Execution Region RW_IRAM1 (Exec base: 0x20000000, Load base: 0x0803aa28, Size: 0x0003a860, Max: 0x00050000, ABSOLUTE, COMPRESSED[0x00000118])

    Exec Addr    Load Addr    Size         Type   Attr      Idx    E Section Name        Object

    0x20000000   COMPRESSED   0x00000034   Data   RW           22    .data               main.o
    0x20000034   COMPRESSED   0x00000010   Data   RW         3149    .data               stm32f4xx_rcc.o
    0x20000044   COMPRESSED   0x00000004   Data   RW         5243    .data               delay.o
    0x20000048   COMPRESSED   0x00000006   Data   RW         5302    .data               usart.o
    0x2000004e   COMPRESSED   0x00000002   PAD
    0x20000050   COMPRESSED   0x00000014   Data   RW         5359    .data               tick.o
    0x20000064   COMPRESSED   0x00000002   Data   RW         5441    .data               rs485_screen.o
    0x20000066   COMPRESSED   0x0000000d   Data   RW         5502    .data               rs485_elect_meter.o
    0x20000073   COMPRESSED   0x00000001   Data   RW         5559    .data               rs485_insulation.o
    0x20000074   COMPRESSED   0x00000094   Data   RW         5643    .data               bms_state.o
    0x20000108   COMPRESSED   0x00000004   Data   RW         5751    .data               rs485_dtu.o
    0x2000010c   COMPRESSED   0x00000002   Data   RW         6059    .data               extern_can.o
    0x2000010e   COMPRESSED   0x00000002   PAD
    0x20000110   COMPRESSED   0x000000b4   Data   RW         6150    .data               bms.o
    0x200001c4   COMPRESSED   0x00000004   PAD
    0x200001c8   COMPRESSED   0x0000008c   Data   RW         6318    .data               charger.o
    0x20000254   COMPRESSED   0x00000010   Data   RW         7126    .data               sdio_sdcard.o
    0x20000264   COMPRESSED   0x00000040   Data   RW         7969    .data               tasks.o
    0x200002a4   COMPRESSED   0x00000014   Data   RW         8298    .data               timers.o
    0x200002b8   COMPRESSED   0x00000020   Data   RW         8443    .data               heap_4.o
    0x200002d8   COMPRESSED   0x0000000c   Data   RW         8499    .data               port.o
    0x200002e4   COMPRESSED   0x00000002   Data   RW         8577    .data               diskio.o
    0x200002e6   COMPRESSED   0x00000002   Data   RW         8701    .data               ff.o
    0x200002e8   COMPRESSED   0x00000014   Data   RW         9019    .data               exfuns.o
    0x200002fc   COMPRESSED   0x0000001c   Data   RW         9230    .data               usmart.o
    0x20000318   COMPRESSED   0x000001c4   Data   RW         9303    .data               usmart_config.o
    0x200004dc   COMPRESSED   0x00000024   Data   RW         9418    .data               malloc.o
    0x20000500        -       0x000000c8   Zero   RW         5301    .bss                usart.o
    0x200005c8        -       0x00000078   Zero   RW         5500    .bss                rs485_elect_meter.o
    0x20000640        -       0x00000014   Zero   RW         5557    .bss                rs485_insulation.o
    0x20000654        -       0x00000b4c   Zero   RW         5641    .bss                bms_state.o
    0x200011a0        -       0x00000100   Zero   RW         5749    .bss                rs485_dtu.o
    0x200012a0        -       0x00000014   Zero   RW         6058    .bss                extern_can.o
    0x200012b4   COMPRESSED   0x00000004   PAD
    0x200012b8        -       0x000002c0   Zero   RW         7125    .bss                sdio_sdcard.o
    0x20001578        -       0x00000040   Zero   RW         7573    .bss                queue.o
    0x200015b8        -       0x000002bc   Zero   RW         7968    .bss                tasks.o
    0x20001874        -       0x00000028   Zero   RW         8297    .bss                timers.o
    0x2000189c        -       0x0001e000   Zero   RW         8442    .bss                heap_4.o
    0x2001f89c        -       0x0000000c   Zero   RW         8699    .bss                ff.o
    0x2001f8a8        -       0x00000050   Zero   RW         9016    .bss                exfuns.o
    0x2001f8f8   COMPRESSED   0x00000008   PAD
    0x2001f900        -       0x0001a900   Zero   RW         9416    .bss                malloc.o
    0x2003a200        -       0x00000060   Zero   RW         9775    .bss                c_w.l(libspace.o)
    0x2003a260        -       0x00000200   Zero   RW          475    HEAP                startup_stm32f40_41xxx.o
    0x2003a460        -       0x00000400   Zero   RW          474    STACK               startup_stm32f40_41xxx.o



  Load Region LR$$.ARM.__AT_0x10000000 (Base: 0x10000000, Size: 0x00000000, Max: 0x0000f000, ABSOLUTE)

    Execution Region ER$$.ARM.__AT_0x10000000 (Exec base: 0x10000000, Load base: 0x10000000, Size: 0x0000f000, Max: 0x0000f000, ABSOLUTE, UNINIT)

    Exec Addr    Load Addr    Size         Type   Attr      Idx    E Section Name        Object

    0x10000000        -       0x0000f000   Zero   RW         9412    .ARM.__AT_0x10000000  malloc.o



  Load Region LR$$.ARM.__AT_0x1000F000 (Base: 0x1000f000, Size: 0x00000000, Max: 0x00000f00, ABSOLUTE)

    Execution Region ER$$.ARM.__AT_0x1000F000 (Exec base: 0x1000f000, Load base: 0x1000f000, Size: 0x00000f00, Max: 0x00000f00, ABSOLUTE, UNINIT)

    Exec Addr    Load Addr    Size         Type   Attr      Idx    E Section Name        Object

    0x1000f000        -       0x00000f00   Zero   RW         9413    .ARM.__AT_0x1000F000  malloc.o



  Load Region LR$$.ARM.__AT_0x68000000 (Base: 0x68000000, Size: 0x00000000, Max: 0x000f0000, ABSOLUTE)

    Execution Region ER$$.ARM.__AT_0x68000000 (Exec base: 0x68000000, Load base: 0x68000000, Size: 0x000f0000, Max: 0x000f0000, ABSOLUTE, UNINIT)

    Exec Addr    Load Addr    Size         Type   Attr      Idx    E Section Name        Object

    0x68000000        -       0x000f0000   Zero   RW         9414    .ARM.__AT_0x68000000  malloc.o



  Load Region LR$$.ARM.__AT_0x680F0000 (Base: 0x680f0000, Size: 0x00000000, Max: 0x0000f000, ABSOLUTE)

    Execution Region ER$$.ARM.__AT_0x680F0000 (Exec base: 0x680f0000, Load base: 0x680f0000, Size: 0x0000f000, Max: 0x0000f000, ABSOLUTE, UNINIT)

    Exec Addr    Load Addr    Size         Type   Attr      Idx    E Section Name        Object

    0x680f0000        -       0x0000f000   Zero   RW         9415    .ARM.__AT_0x680F0000  malloc.o


==============================================================================

Image component sizes


      Code (inc. data)   RO Data    RW Data    ZI Data      Debug   Object Name

       136          8          0          0          0        674   adc_power.o
      2764        680          0        180          0      15318   bms.o
         0          0          0        148       2892       4137   bms_state.o
       356         52          0          0          0       1363   can1.o
       180         18     175304          0          0       2483   cc936.o
      1694        360          0        140          0      12413   charger.o
       268         16          0          4          0       2427   delay.o
       490         14          0          2          0       6600   diskio.o
         0          0          0          0          0      12052   event_groups.o
       206         18          0         20         80       2304   exfuns.o
      5088       1596          0          2         20       6679   extern_can.o
      1804        760          0          0          0      13446   fattester.o
     11854        158         58          2         12      50085   ff.o
       756         74          0         32     122880       4343   heap_4.o
       132         12          0          0          0        555   iic_fun.o
       388         22          0          0          0       1421   input_output_ctrl.o
       148          0          0          0          0       3226   list.o
       778        272          0         52          0      93439   main.o
       504         60         36         36    1218560       6326   malloc.o
       180         24          0          0          0     253165   misc.o
      1014         94          0         12          0      11205   port.o
      1896         20          0          0         64      15790   queue.o
      2280        234        488          4        256      10474   rs485_dtu.o
       784         72          0         13        120       3589   rs485_elect_meter.o
       504         76          0          1         20       2565   rs485_insulation.o
       240         14          0          2          0       1540   rs485_screen.o
      7582        444          0         16        704      37347   sdio_sdcard.o
        64         26        392          0       1536        828   startup_stm32f40_41xxx.o
       154         24          0          0          0       2850   stm32f4xx_adc.o
      1726         38          0          0          0       6971   stm32f4xx_can.o
       496         26          0          0          0       4152   stm32f4xx_dma.o
       230          0          0          0          0       3317   stm32f4xx_gpio.o
        20          0          0          0          0       2609   stm32f4xx_it.o
       360         42          0         16          0       5076   stm32f4xx_rcc.o
       208         38          0          0          0       5521   stm32f4xx_sdio.o
       252         28          0          0          0       6308   stm32f4xx_tim.o
       456          8          0          0          0       5871   stm32f4xx_usart.o
        16          0          0          0          0        480   sys.o
       340         32          0          0          0       1413   system_stm32f4xx.o
      2824        394          0         64        700      27530   tasks.o
        24          6          0         20          0       2371   tick.o
      1226        116          0         20         40      25235   timers.o
       172         12          0          6        200       3585   usart.o
      3166       1332         40         28          0       7726   usmart.o
         0          0        665        452          0       1532   usmart_config.o
      1328         20          0          0          0       8645   usmart_str.o

    ----------------------------------------------------------------------
     55130       7240     177018       1280    1348096     696986   Object Totals
         0          0         32          0          0          0   (incl. Generated)
        42          0          3          8         12          0   (incl. Padding)

    ----------------------------------------------------------------------

      Code (inc. data)   RO Data    RW Data    ZI Data      Debug   Library Member Name

        24          4          0          0          0         84   __2printf.o
        44          6          0          0          0         84   __2sprintf.o
        90          0          0          0          0          0   __dczerorl2.o
         8          0          0          0          0         68   __main.o
       392          4         17          0          0         92   __printf_flags_ss_wp.o
        14          0          0          0          0         68   __printf_wp.o
         0          0          0          0          0          0   __rtentry.o
        12          0          0          0          0          0   __rtentry2.o
         6          0          0          0          0          0   __rtentry4.o
        52          8          0          0          0          0   __scatter.o
        28          0          0          0          0          0   __scatter_zi.o
         6          0          0          0          0          0   _printf_c.o
        44          0          0          0          0        108   _printf_char.o
        48          6          0          0          0         96   _printf_char_common.o
        36          4          0          0          0         80   _printf_char_file.o
         6          0          0          0          0          0   _printf_d.o
       120         16          0          0          0         92   _printf_dec.o
         6          0          0          0          0          0   _printf_f.o
      1054          0          0          0          0        216   _printf_fp_dec.o
       128         16          0          0          0         84   _printf_fp_infnan.o
        88          4         40          0          0         88   _printf_hex_int.o
       178          0          0          0          0         88   _printf_intcommon.o
        78          0          0          0          0        108   _printf_pad.o
         0          0          0          0          0          0   _printf_percent.o
         4          0          0          0          0          0   _printf_percent_end.o
         6          0          0          0          0          0   _printf_s.o
        82          0          0          0          0         80   _printf_str.o
         6          0          0          0          0          0   _printf_u.o
         6          0          0          0          0          0   _printf_x.o
        10          0          0          0          0         68   _sputc.o
        16          0          0          0          0         68   aeabi_memset.o
       228          4        148          0          0         96   bigflt0.o
      1936        128          0          0          0        672   btod.o
        18          0          0          0          0         80   exit.o
         8          0          0          0          0         68   ferror.o
         6          0          0          0          0        152   heapauxi.o
        44         10         28          0          0         76   lc_numeric_c.o
         2          0          0          0          0          0   libinit.o
        22          0          0          0          0          0   libinit2.o
         2          0          0          0          0          0   libshutdown.o
         2          0          0          0          0          0   libshutdown2.o
         8          4          0          0         96         68   libspace.o
        72          0          0          0          0         76   llsdiv.o
       138          0          0          0          0         80   lludiv10.o
       238          0          0          0          0        100   lludivv7m.o
         8          4          0          0          0         68   rt_locale_intlibspace.o
        68          0          0          0          0         68   rt_memclr.o
        78          0          0          0          0         80   rt_memclr_w.o
       138          0          0          0          0         68   rt_memcpy_v6.o
       100          0          0          0          0         80   rt_memcpy_w.o
         2          0          0          0          0          0   rtexit.o
        10          0          0          0          0          0   rtexit2.o
        24          0          0          0          0         68   strcat.o
       128          0          0          0          0         68   strcmpv7m.o
        62          0          0          0          0         76   strlen.o
        74          0          0          0          0         80   sys_stackheap_outer.o
         2          0          0          0          0         68   use_no_semi.o
         2          0          0          0          0         68   use_no_semi_2.o
        98          4          0          0          0        140   d2f.o
       804         16          0          0          0        368   daddsub_clz.o
        46          0          0          0          0        116   dflt_clz.o
       340         12          0          0          0        152   dmul.o
       156          4          0          0          0        140   dnaninf.o
        12          0          0          0          0        116   dretinf.o
        86          4          0          0          0        132   f2d.o
       140          4          0          0          0        132   fnaninf.o
        10          0          0          0          0        116   fpinit.o
        10          0          0          0          0        116   fretinf.o
         4          0          0          0          0        116   printf1.o
         0          0          0          0          0          0   usenofp.o
        48          0          0          0          0        124   fpclassify.o

    ----------------------------------------------------------------------
      7784        262        236          0         96       5600   Library Totals
        18          0          3          0          0          0   (incl. Padding)

    ----------------------------------------------------------------------

      Code (inc. data)   RO Data    RW Data    ZI Data      Debug   Library Name

      6012        218        233          0         96       3832   c_w.l
      1706         44          0          0          0       1644   fz_wm.l
        48          0          0          0          0        124   m_wm.l

    ----------------------------------------------------------------------
      7784        262        236          0         96       5600   Library Totals

    ----------------------------------------------------------------------

==============================================================================


      Code (inc. data)   RO Data    RW Data    ZI Data      Debug   

     62914       7502     177254       1280    1348192     665102   Grand Totals
     62914       7502     177254        280    1348192     665102   ELF Image Totals (compressed)
     62914       7502     177254        280          0          0   ROM Totals

==============================================================================

    Total RO  Size (Code + RO Data)               240168 ( 234.54kB)
    Total RW  Size (RW Data + ZI Data)           1349472 (1317.84kB)
    Total ROM Size (Code + RO Data + RW Data)     240448 ( 234.81kB)

==============================================================================

